<TABLE border=1>
<TBODY>
<TR>
<TD>Version</TD><TD>1.0</TD></TR>
<TD>Encoding</TD><TD>Shift_JIS</TD></TR>
<TD>Standalone</TD><TD>false</TD></TR>
</TBODY></TABLE><BR>
<TABLE border=1>
<TBODY>
<TR>
<TD>Element(QName)</TD><TD>飲料データベース</TD></TR>
<TR>
<TD>Element(Local Name)</TD><TD>飲料データベース</TD></TR>
<TABLE border=1>
<TBODY>
<TR>
<TD>Element(QName)</TD><TD>飲料</TD></TR>
<TR>
<TD>Element(Local Name)</TD><TD>飲料</TD></TR>
<TABLE border=1>
<TBODY>
<TR>
<TD>Element(QName)</TD><TD>名前</TD></TR>
<TR>
<TD>Element(Local Name)</TD><TD>名前</TD></TR>
<TR>
<TD>Content</TD><TD>ｱｸｴﾘｱｽ</TD></TR>
</TBODY></TABLE><BR>
<TABLE border=1>
<TBODY>
<TR>
<TD>Element(QName)</TD><TD>種類</TD></TR>
<TR>
<TD>Element(Local Name)</TD><TD>種類</TD></TR>
<TR>
<TD>Content</TD><TD>ｽﾎﾟｰﾂ飲料</TD></TR>
</TBODY></TABLE><BR>
<TABLE border=1>
<TBODY>
<TR>
<TD>Element(QName)</TD><TD>メーカー名</TD></TR>
<TR>
<TD>Element(Local Name)</TD><TD>メーカー名</TD></TR>
<TR>
<TD>Content</TD><TD>日本コカ・コーラ</TD></TR>
</TBODY></TABLE><BR>
<TABLE border=1>
<TBODY>
<TR>
<TD>Element(QName)</TD><TD>値段</TD></TR>
<TR>
<TD>Element(Local Name)</TD><TD>値段</TD></TR>
<TR>
<TD>Attribute(QName)</TD><TD>通貨</TD></TR>
<TR>
<TD>Attribute(Local Name)</TD><TD>通貨</TD></TR>
<TR>
<TD>Attribute(Type)</TD><TD>CDATA</TD></TR>
<TR>
<TD>Attribute(Value)</TD><TD>円</TD></TR>
<TR>
<TD>Attribute(Prefix)</TD><TD>-</TD></TR>
<TR>
<TD>Attribute(Namespace)</TD><TD>-</TD></TR>
<TR>
<TD>Content</TD><TD>120</TD></TR>
</TBODY></TABLE><BR>
<TABLE border=1>
<TBODY>
<TR>
<TD>Element(QName)</TD><TD>内容量</TD></TR>
<TR>
<TD>Element(Local Name)</TD><TD>内容量</TD></TR>
<TR>
<TD>Attribute(QName)</TD><TD>単位</TD></TR>
<TR>
<TD>Attribute(Local Name)</TD><TD>単位</TD></TR>
<TR>
<TD>Attribute(Type)</TD><TD>CDATA</TD></TR>
<TR>
<TD>Attribute(Value)</TD><TD>ml</TD></TR>
<TR>
<TD>Attribute(Prefix)</TD><TD>-</TD></TR>
<TR>
<TD>Attribute(Namespace)</TD><TD>-</TD></TR>
<TR>
<TD>Content</TD><TD>350</TD></TR>
</TBODY></TABLE><BR>
</TBODY></TABLE><BR>
<TABLE border=1>
<TBODY>
<TR>
<TD>Element(QName)</TD><TD>飲料</TD></TR>
<TR>
<TD>Element(Local Name)</TD><TD>飲料</TD></TR>
<TABLE border=1>
<TBODY>
<TR>
<TD>Element(QName)</TD><TD>名前</TD></TR>
<TR>
<TD>Element(Local Name)</TD><TD>名前</TD></TR>
<TR>
<TD>Content</TD><TD>ダカラ</TD></TR>
</TBODY></TABLE><BR>
<TABLE border=1>
<TBODY>
<TR>
<TD>Element(QName)</TD><TD>種類</TD></TR>
<TR>
<TD>Element(Local Name)</TD><TD>種類</TD></TR>
<TR>
<TD>Content</TD><TD>ｽﾎﾟｰﾂ飲料</TD></TR>
</TBODY></TABLE><BR>
<TABLE border=1>
<TBODY>
<TR>
<TD>Element(QName)</TD><TD>メーカー名</TD></TR>
<TR>
<TD>Element(Local Name)</TD><TD>メーカー名</TD></TR>
<TR>
<TD>Content</TD><TD>ｻﾝﾄﾘｰ</TD></TR>
</TBODY></TABLE><BR>
<TABLE border=1>
<TBODY>
<TR>
<TD>Element(QName)</TD><TD>値段</TD></TR>
<TR>
<TD>Element(Local Name)</TD><TD>値段</TD></TR>
<TR>
<TD>Attribute(QName)</TD><TD>通貨</TD></TR>
<TR>
<TD>Attribute(Local Name)</TD><TD>通貨</TD></TR>
<TR>
<TD>Attribute(Type)</TD><TD>CDATA</TD></TR>
<TR>
<TD>Attribute(Value)</TD><TD>円</TD></TR>
<TR>
<TD>Attribute(Prefix)</TD><TD>-</TD></TR>
<TR>
<TD>Attribute(Namespace)</TD><TD>-</TD></TR>
<TR>
<TD>Content</TD><TD>120</TD></TR>
</TBODY></TABLE><BR>
<TABLE border=1>
<TBODY>
<TR>
<TD>Element(QName)</TD><TD>内容量</TD></TR>
<TR>
<TD>Element(Local Name)</TD><TD>内容量</TD></TR>
<TR>
<TD>Attribute(QName)</TD><TD>単位</TD></TR>
<TR>
<TD>Attribute(Local Name)</TD><TD>単位</TD></TR>
<TR>
<TD>Attribute(Type)</TD><TD>CDATA</TD></TR>
<TR>
<TD>Attribute(Value)</TD><TD>ml</TD></TR>
<TR>
<TD>Attribute(Prefix)</TD><TD>-</TD></TR>
<TR>
<TD>Attribute(Namespace)</TD><TD>-</TD></TR>
<TR>
<TD>Content</TD><TD>350</TD></TR>
</TBODY></TABLE><BR>
</TBODY></TABLE><BR>
<TABLE border=1>
<TBODY>
<TR>
<TD>Element(QName)</TD><TD>飲料</TD></TR>
<TR>
<TD>Element(Local Name)</TD><TD>飲料</TD></TR>
<TABLE border=1>
<TBODY>
<TR>
<TD>Element(QName)</TD><TD>名前</TD></TR>
<TR>
<TD>Element(Local Name)</TD><TD>名前</TD></TR>
<TR>
<TD>Content</TD><TD>セノビー</TD></TR>
</TBODY></TABLE><BR>
<TABLE border=1>
<TBODY>
<TR>
<TD>Element(QName)</TD><TD>種類</TD></TR>
<TR>
<TD>Element(Local Name)</TD><TD>種類</TD></TR>
<TR>
<TD>Content</TD><TD>ｽﾎﾟｰﾂ飲料</TD></TR>
</TBODY></TABLE><BR>
<TABLE border=1>
<TBODY>
<TR>
<TD>Element(QName)</TD><TD>メーカー名</TD></TR>
<TR>
<TD>Element(Local Name)</TD><TD>メーカー名</TD></TR>
<TR>
<TD>Content</TD><TD>日本たばこ産業</TD></TR>
</TBODY></TABLE><BR>
<TABLE border=1>
<TBODY>
<TR>
<TD>Element(QName)</TD><TD>値段</TD></TR>
<TR>
<TD>Element(Local Name)</TD><TD>値段</TD></TR>
<TR>
<TD>Attribute(QName)</TD><TD>通貨</TD></TR>
<TR>
<TD>Attribute(Local Name)</TD><TD>通貨</TD></TR>
<TR>
<TD>Attribute(Type)</TD><TD>CDATA</TD></TR>
<TR>
<TD>Attribute(Value)</TD><TD>円</TD></TR>
<TR>
<TD>Attribute(Prefix)</TD><TD>-</TD></TR>
<TR>
<TD>Attribute(Namespace)</TD><TD>-</TD></TR>
<TR>
<TD>Content</TD><TD>140</TD></TR>
</TBODY></TABLE><BR>
<TABLE border=1>
<TBODY>
<TR>
<TD>Element(QName)</TD><TD>内容量</TD></TR>
<TR>
<TD>Element(Local Name)</TD><TD>内容量</TD></TR>
<TR>
<TD>Attribute(QName)</TD><TD>単位</TD></TR>
<TR>
<TD>Attribute(Local Name)</TD><TD>単位</TD></TR>
<TR>
<TD>Attribute(Type)</TD><TD>CDATA</TD></TR>
<TR>
<TD>Attribute(Value)</TD><TD>ml</TD></TR>
<TR>
<TD>Attribute(Prefix)</TD><TD>-</TD></TR>
<TR>
<TD>Attribute(Namespace)</TD><TD>-</TD></TR>
<TR>
<TD>Content</TD><TD>500</TD></TR>
</TBODY></TABLE><BR>
</TBODY></TABLE><BR>
<TABLE border=1>
<TBODY>
<TR>
<TD>Element(QName)</TD><TD>飲料</TD></TR>
<TR>
<TD>Element(Local Name)</TD><TD>飲料</TD></TR>
<TABLE border=1>
<TBODY>
<TR>
<TD>Element(QName)</TD><TD>名前</TD></TR>
<TR>
<TD>Element(Local Name)</TD><TD>名前</TD></TR>
<TR>
<TD>Content</TD><TD>ﾃﾞｶﾋﾞﾀﾁｬｰｼﾞ</TD></TR>
</TBODY></TABLE><BR>
<TABLE border=1>
<TBODY>
<TR>
<TD>Element(QName)</TD><TD>種類</TD></TR>
<TR>
<TD>Element(Local Name)</TD><TD>種類</TD></TR>
<TR>
<TD>Content</TD><TD>ビタミン飲料</TD></TR>
</TBODY></TABLE><BR>
<TABLE border=1>
<TBODY>
<TR>
<TD>Element(QName)</TD><TD>メーカー名</TD></TR>
<TR>
<TD>Element(Local Name)</TD><TD>メーカー名</TD></TR>
<TR>
<TD>Content</TD><TD>ｻﾝﾄﾘｰ</TD></TR>
</TBODY></TABLE><BR>
<TABLE border=1>
<TBODY>
<TR>
<TD>Element(QName)</TD><TD>値段</TD></TR>
<TR>
<TD>Element(Local Name)</TD><TD>値段</TD></TR>
<TR>
<TD>Attribute(QName)</TD><TD>通貨</TD></TR>
<TR>
<TD>Attribute(Local Name)</TD><TD>通貨</TD></TR>
<TR>
<TD>Attribute(Type)</TD><TD>CDATA</TD></TR>
<TR>
<TD>Attribute(Value)</TD><TD>円</TD></TR>
<TR>
<TD>Attribute(Prefix)</TD><TD>-</TD></TR>
<TR>
<TD>Attribute(Namespace)</TD><TD>-</TD></TR>
<TR>
<TD>Content</TD><TD>120</TD></TR>
</TBODY></TABLE><BR>
<TABLE border=1>
<TBODY>
<TR>
<TD>Element(QName)</TD><TD>内容量</TD></TR>
<TR>
<TD>Element(Local Name)</TD><TD>内容量</TD></TR>
<TR>
<TD>Attribute(QName)</TD><TD>単位</TD></TR>
<TR>
<TD>Attribute(Local Name)</TD><TD>単位</TD></TR>
<TR>
<TD>Attribute(Type)</TD><TD>CDATA</TD></TR>
<TR>
<TD>Attribute(Value)</TD><TD>ml</TD></TR>
<TR>
<TD>Attribute(Prefix)</TD><TD>-</TD></TR>
<TR>
<TD>Attribute(Namespace)</TD><TD>-</TD></TR>
<TR>
<TD>Content</TD><TD>210</TD></TR>
</TBODY></TABLE><BR>
</TBODY></TABLE><BR>
<TABLE border=1>
<TBODY>
<TR>
<TD>Element(QName)</TD><TD>飲料</TD></TR>
<TR>
<TD>Element(Local Name)</TD><TD>飲料</TD></TR>
<TABLE border=1>
<TBODY>
<TR>
<TD>Element(QName)</TD><TD>名前</TD></TR>
<TR>
<TD>Element(Local Name)</TD><TD>名前</TD></TR>
<TR>
<TD>Content</TD><TD>爽健美茶</TD></TR>
</TBODY></TABLE><BR>
<TABLE border=1>
<TBODY>
<TR>
<TD>Element(QName)</TD><TD>種類</TD></TR>
<TR>
<TD>Element(Local Name)</TD><TD>種類</TD></TR>
<TR>
<TD>Content</TD><TD>お茶</TD></TR>
</TBODY></TABLE><BR>
<TABLE border=1>
<TBODY>
<TR>
<TD>Element(QName)</TD><TD>メーカー名</TD></TR>
<TR>
<TD>Element(Local Name)</TD><TD>メーカー名</TD></TR>
<TR>
<TD>Content</TD><TD>コカ・コーラ</TD></TR>
</TBODY></TABLE><BR>
<TABLE border=1>
<TBODY>
<TR>
<TD>Element(QName)</TD><TD>値段</TD></TR>
<TR>
<TD>Element(Local Name)</TD><TD>値段</TD></TR>
<TR>
<TD>Attribute(QName)</TD><TD>通貨</TD></TR>
<TR>
<TD>Attribute(Local Name)</TD><TD>通貨</TD></TR>
<TR>
<TD>Attribute(Type)</TD><TD>CDATA</TD></TR>
<TR>
<TD>Attribute(Value)</TD><TD>円</TD></TR>
<TR>
<TD>Attribute(Prefix)</TD><TD>-</TD></TR>
<TR>
<TD>Attribute(Namespace)</TD><TD>-</TD></TR>
<TR>
<TD>Content</TD><TD>150</TD></TR>
</TBODY></TABLE><BR>
<TABLE border=1>
<TBODY>
<TR>
<TD>Element(QName)</TD><TD>内容量</TD></TR>
<TR>
<TD>Element(Local Name)</TD><TD>内容量</TD></TR>
<TR>
<TD>Attribute(QName)</TD><TD>単位</TD></TR>
<TR>
<TD>Attribute(Local Name)</TD><TD>単位</TD></TR>
<TR>
<TD>Attribute(Type)</TD><TD>CDATA</TD></TR>
<TR>
<TD>Attribute(Value)</TD><TD>ml</TD></TR>
<TR>
<TD>Attribute(Prefix)</TD><TD>-</TD></TR>
<TR>
<TD>Attribute(Namespace)</TD><TD>-</TD></TR>
<TR>
<TD>Content</TD><TD>500</TD></TR>
</TBODY></TABLE><BR>
</TBODY></TABLE><BR>
<TABLE border=1>
<TBODY>
<TR>
<TD>Element(QName)</TD><TD>飲料</TD></TR>
<TR>
<TD>Element(Local Name)</TD><TD>飲料</TD></TR>
<TABLE border=1>
<TBODY>
<TR>
<TD>Element(QName)</TD><TD>名前</TD></TR>
<TR>
<TD>Element(Local Name)</TD><TD>名前</TD></TR>
<TR>
<TD>Content</TD><TD>ｶｺﾞﾒﾄﾏﾄｼﾞｭｰｽ食塩無添加</TD></TR>
</TBODY></TABLE><BR>
<TABLE border=1>
<TBODY>
<TR>
<TD>Element(QName)</TD><TD>種類</TD></TR>
<TR>
<TD>Element(Local Name)</TD><TD>種類</TD></TR>
<TR>
<TD>Content</TD><TD>野菜ｼﾞｭｰｽ</TD></TR>
</TBODY></TABLE><BR>
<TABLE border=1>
<TBODY>
<TR>
<TD>Element(QName)</TD><TD>メーカー名</TD></TR>
<TR>
<TD>Element(Local Name)</TD><TD>メーカー名</TD></TR>
<TR>
<TD>Content</TD><TD>カゴメ</TD></TR>
</TBODY></TABLE><BR>
<TABLE border=1>
<TBODY>
<TR>
<TD>Element(QName)</TD><TD>値段</TD></TR>
<TR>
<TD>Element(Local Name)</TD><TD>値段</TD></TR>
<TR>
<TD>Attribute(QName)</TD><TD>通貨</TD></TR>
<TR>
<TD>Attribute(Local Name)</TD><TD>通貨</TD></TR>
<TR>
<TD>Attribute(Type)</TD><TD>CDATA</TD></TR>
<TR>
<TD>Attribute(Value)</TD><TD>円</TD></TR>
<TR>
<TD>Attribute(Prefix)</TD><TD>-</TD></TR>
<TR>
<TD>Attribute(Namespace)</TD><TD>-</TD></TR>
<TR>
<TD>Content</TD><TD>120</TD></TR>
</TBODY></TABLE><BR>
<TABLE border=1>
<TBODY>
<TR>
<TD>Element(QName)</TD><TD>内容量</TD></TR>
<TR>
<TD>Element(Local Name)</TD><TD>内容量</TD></TR>
<TR>
<TD>Attribute(QName)</TD><TD>単位</TD></TR>
<TR>
<TD>Attribute(Local Name)</TD><TD>単位</TD></TR>
<TR>
<TD>Attribute(Type)</TD><TD>CDATA</TD></TR>
<TR>
<TD>Attribute(Value)</TD><TD>g</TD></TR>
<TR>
<TD>Attribute(Prefix)</TD><TD>-</TD></TR>
<TR>
<TD>Attribute(Namespace)</TD><TD>-</TD></TR>
<TR>
<TD>Content</TD><TD>160</TD></TR>
</TBODY></TABLE><BR>
</TBODY></TABLE><BR>
<TABLE border=1>
<TBODY>
<TR>
<TD>Element(QName)</TD><TD>飲料</TD></TR>
<TR>
<TD>Element(Local Name)</TD><TD>飲料</TD></TR>
<TABLE border=1>
<TBODY>
<TR>
<TD>Element(QName)</TD><TD>名前</TD></TR>
<TR>
<TD>Element(Local Name)</TD><TD>名前</TD></TR>
<TR>
<TD>Content</TD><TD>ｺｰﾝﾎﾟﾀｰｼﾞｭ生</TD></TR>
</TBODY></TABLE><BR>
<TABLE border=1>
<TBODY>
<TR>
<TD>Element(QName)</TD><TD>種類</TD></TR>
<TR>
<TD>Element(Local Name)</TD><TD>種類</TD></TR>
<TR>
<TD>Content</TD><TD>スープ</TD></TR>
</TBODY></TABLE><BR>
<TABLE border=1>
<TBODY>
<TR>
<TD>Element(QName)</TD><TD>メーカー名</TD></TR>
<TR>
<TD>Element(Local Name)</TD><TD>メーカー名</TD></TR>
<TR>
<TD>Content</TD><TD>カゴメ</TD></TR>
</TBODY></TABLE><BR>
<TABLE border=1>
<TBODY>
<TR>
<TD>Element(QName)</TD><TD>値段</TD></TR>
<TR>
<TD>Element(Local Name)</TD><TD>値段</TD></TR>
<TR>
<TD>Attribute(QName)</TD><TD>通貨</TD></TR>
<TR>
<TD>Attribute(Local Name)</TD><TD>通貨</TD></TR>
<TR>
<TD>Attribute(Type)</TD><TD>CDATA</TD></TR>
<TR>
<TD>Attribute(Value)</TD><TD>円</TD></TR>
<TR>
<TD>Attribute(Prefix)</TD><TD>-</TD></TR>
<TR>
<TD>Attribute(Namespace)</TD><TD>-</TD></TR>
<TR>
<TD>Content</TD><TD>120</TD></TR>
</TBODY></TABLE><BR>
<TABLE border=1>
<TBODY>
<TR>
<TD>Element(QName)</TD><TD>内容量</TD></TR>
<TR>
<TD>Element(Local Name)</TD><TD>内容量</TD></TR>
<TR>
<TD>Attribute(QName)</TD><TD>単位</TD></TR>
<TR>
<TD>Attribute(Local Name)</TD><TD>単位</TD></TR>
<TR>
<TD>Attribute(Type)</TD><TD>CDATA</TD></TR>
<TR>
<TD>Attribute(Value)</TD><TD>g</TD></TR>
<TR>
<TD>Attribute(Prefix)</TD><TD>-</TD></TR>
<TR>
<TD>Attribute(Namespace)</TD><TD>-</TD></TR>
<TR>
<TD>Content</TD><TD>190</TD></TR>
</TBODY></TABLE><BR>
</TBODY></TABLE><BR>
<TABLE border=1>
<TBODY>
<TR>
<TD>Element(QName)</TD><TD>飲料</TD></TR>
<TR>
<TD>Element(Local Name)</TD><TD>飲料</TD></TR>
<TABLE border=1>
<TBODY>
<TR>
<TD>Element(QName)</TD><TD>名前</TD></TR>
<TR>
<TD>Element(Local Name)</TD><TD>名前</TD></TR>
<TR>
<TD>Content</TD><TD>ﾄﾞｸﾀｰﾍﾟｯﾊﾟｰ</TD></TR>
</TBODY></TABLE><BR>
<TABLE border=1>
<TBODY>
<TR>
<TD>Element(QName)</TD><TD>種類</TD></TR>
<TR>
<TD>Element(Local Name)</TD><TD>種類</TD></TR>
<TR>
<TD>Content</TD><TD>炭酸飲料</TD></TR>
</TBODY></TABLE><BR>
<TABLE border=1>
<TBODY>
<TR>
<TD>Element(QName)</TD><TD>メーカー名</TD></TR>
<TR>
<TD>Element(Local Name)</TD><TD>メーカー名</TD></TR>
<TR>
<TD>Content</TD><TD>シーエフシー</TD></TR>
</TBODY></TABLE><BR>
<TABLE border=1>
<TBODY>
<TR>
<TD>Element(QName)</TD><TD>値段</TD></TR>
<TR>
<TD>Element(Local Name)</TD><TD>値段</TD></TR>
<TR>
<TD>Attribute(QName)</TD><TD>通貨</TD></TR>
<TR>
<TD>Attribute(Local Name)</TD><TD>通貨</TD></TR>
<TR>
<TD>Attribute(Type)</TD><TD>CDATA</TD></TR>
<TR>
<TD>Attribute(Value)</TD><TD>円</TD></TR>
<TR>
<TD>Attribute(Prefix)</TD><TD>-</TD></TR>
<TR>
<TD>Attribute(Namespace)</TD><TD>-</TD></TR>
<TR>
<TD>Content</TD><TD>120</TD></TR>
</TBODY></TABLE><BR>
<TABLE border=1>
<TBODY>
<TR>
<TD>Element(QName)</TD><TD>内容量</TD></TR>
<TR>
<TD>Element(Local Name)</TD><TD>内容量</TD></TR>
<TR>
<TD>Attribute(QName)</TD><TD>単位</TD></TR>
<TR>
<TD>Attribute(Local Name)</TD><TD>単位</TD></TR>
<TR>
<TD>Attribute(Type)</TD><TD>CDATA</TD></TR>
<TR>
<TD>Attribute(Value)</TD><TD>ml</TD></TR>
<TR>
<TD>Attribute(Prefix)</TD><TD>-</TD></TR>
<TR>
<TD>Attribute(Namespace)</TD><TD>-</TD></TR>
<TR>
<TD>Content</TD><TD>350</TD></TR>
</TBODY></TABLE><BR>
</TBODY></TABLE><BR>
<TABLE border=1>
<TBODY>
<TR>
<TD>Element(QName)</TD><TD>飲料</TD></TR>
<TR>
<TD>Element(Local Name)</TD><TD>飲料</TD></TR>
<TABLE border=1>
<TBODY>
<TR>
<TD>Element(QName)</TD><TD>名前</TD></TR>
<TR>
<TD>Element(Local Name)</TD><TD>名前</TD></TR>
<TR>
<TD>Content</TD><TD>ルートビア</TD></TR>
</TBODY></TABLE><BR>
<TABLE border=1>
<TBODY>
<TR>
<TD>Element(QName)</TD><TD>種類</TD></TR>
<TR>
<TD>Element(Local Name)</TD><TD>種類</TD></TR>
<TR>
<TD>Content</TD><TD>炭酸飲料</TD></TR>
</TBODY></TABLE><BR>
<TABLE border=1>
<TBODY>
<TR>
<TD>Element(QName)</TD><TD>メーカー名</TD></TR>
<TR>
<TD>Element(Local Name)</TD><TD>メーカー名</TD></TR>
<TR>
<TD>Content</TD><TD>A</TD></TR>
<TR>
<TD>Content</TD><TD>&</TD></TR>
<TR>
<TD>Content</TD><TD>W</TD></TR>
</TBODY></TABLE><BR>
<TABLE border=1>
<TBODY>
<TR>
<TD>Element(QName)</TD><TD>値段</TD></TR>
<TR>
<TD>Element(Local Name)</TD><TD>値段</TD></TR>
<TR>
<TD>Attribute(QName)</TD><TD>通貨</TD></TR>
<TR>
<TD>Attribute(Local Name)</TD><TD>通貨</TD></TR>
<TR>
<TD>Attribute(Type)</TD><TD>CDATA</TD></TR>
<TR>
<TD>Attribute(Value)</TD><TD>米ﾄﾞﾙ</TD></TR>
<TR>
<TD>Attribute(Prefix)</TD><TD>-</TD></TR>
<TR>
<TD>Attribute(Namespace)</TD><TD>-</TD></TR>
<TR>
<TD>Content</TD><TD>1</TD></TR>
</TBODY></TABLE><BR>
<TABLE border=1>
<TBODY>
<TR>
<TD>Element(QName)</TD><TD>内容量</TD></TR>
<TR>
<TD>Element(Local Name)</TD><TD>内容量</TD></TR>
<TR>
<TD>Attribute(QName)</TD><TD>単位</TD></TR>
<TR>
<TD>Attribute(Local Name)</TD><TD>単位</TD></TR>
<TR>
<TD>Attribute(Type)</TD><TD>CDATA</TD></TR>
<TR>
<TD>Attribute(Value)</TD><TD>ml</TD></TR>
<TR>
<TD>Attribute(Prefix)</TD><TD>-</TD></TR>
<TR>
<TD>Attribute(Namespace)</TD><TD>-</TD></TR>
<TR>
<TD>Content</TD><TD>350</TD></TR>
</TBODY></TABLE><BR>
</TBODY></TABLE><BR>
<TABLE border=1>
<TBODY>
<TR>
<TD>Element(QName)</TD><TD>飲料</TD></TR>
<TR>
<TD>Element(Local Name)</TD><TD>飲料</TD></TR>
<TABLE border=1>
<TBODY>
<TR>
<TD>Element(QName)</TD><TD>名前</TD></TR>
<TR>
<TD>Element(Local Name)</TD><TD>名前</TD></TR>
<TR>
<TD>Content</TD><TD>ｾﾌﾞﾝｱｯﾌﾟ</TD></TR>
</TBODY></TABLE><BR>
<TABLE border=1>
<TBODY>
<TR>
<TD>Element(QName)</TD><TD>種類</TD></TR>
<TR>
<TD>Element(Local Name)</TD><TD>種類</TD></TR>
<TR>
<TD>Content</TD><TD>炭酸飲料</TD></TR>
</TBODY></TABLE><BR>
<TABLE border=1>
<TBODY>
<TR>
<TD>Element(QName)</TD><TD>メーカー名</TD></TR>
<TR>
<TD>Element(Local Name)</TD><TD>メーカー名</TD></TR>
<TR>
<TD>Content</TD><TD>ｻﾝﾄﾘｰ</TD></TR>
</TBODY></TABLE><BR>
<TABLE border=1>
<TBODY>
<TR>
<TD>Element(QName)</TD><TD>値段</TD></TR>
<TR>
<TD>Element(Local Name)</TD><TD>値段</TD></TR>
<TR>
<TD>Attribute(QName)</TD><TD>通貨</TD></TR>
<TR>
<TD>Attribute(Local Name)</TD><TD>通貨</TD></TR>
<TR>
<TD>Attribute(Type)</TD><TD>CDATA</TD></TR>
<TR>
<TD>Attribute(Value)</TD><TD>円</TD></TR>
<TR>
<TD>Attribute(Prefix)</TD><TD>-</TD></TR>
<TR>
<TD>Attribute(Namespace)</TD><TD>-</TD></TR>
<TR>
<TD>Content</TD><TD>120</TD></TR>
</TBODY></TABLE><BR>
<TABLE border=1>
<TBODY>
<TR>
<TD>Element(QName)</TD><TD>内容量</TD></TR>
<TR>
<TD>Element(Local Name)</TD><TD>内容量</TD></TR>
<TR>
<TD>Attribute(QName)</TD><TD>単位</TD></TR>
<TR>
<TD>Attribute(Local Name)</TD><TD>単位</TD></TR>
<TR>
<TD>Attribute(Type)</TD><TD>CDATA</TD></TR>
<TR>
<TD>Attribute(Value)</TD><TD>ml</TD></TR>
<TR>
<TD>Attribute(Prefix)</TD><TD>-</TD></TR>
<TR>
<TD>Attribute(Namespace)</TD><TD>-</TD></TR>
<TR>
<TD>Content</TD><TD>350</TD></TR>
</TBODY></TABLE><BR>
</TBODY></TABLE><BR>
<TABLE border=1>
<TBODY>
<TR>
<TD>Element(QName)</TD><TD>飲料</TD></TR>
<TR>
<TD>Element(Local Name)</TD><TD>飲料</TD></TR>
<TABLE border=1>
<TBODY>
<TR>
<TD>Element(QName)</TD><TD>名前</TD></TR>
<TR>
<TD>Element(Local Name)</TD><TD>名前</TD></TR>
<TR>
<TD>Content</TD><TD>調整豆乳</TD></TR>
</TBODY></TABLE><BR>
<TABLE border=1>
<TBODY>
<TR>
<TD>Element(QName)</TD><TD>種類</TD></TR>
<TR>
<TD>Element(Local Name)</TD><TD>種類</TD></TR>
<TR>
<TD>Content</TD><TD>豆乳飲料</TD></TR>
</TBODY></TABLE><BR>
<TABLE border=1>
<TBODY>
<TR>
<TD>Element(QName)</TD><TD>メーカー名</TD></TR>
<TR>
<TD>Element(Local Name)</TD><TD>メーカー名</TD></TR>
<TR>
<TD>Content</TD><TD>ﾏﾙｻﾝｱｲ</TD></TR>
</TBODY></TABLE><BR>
<TABLE border=1>
<TBODY>
<TR>
<TD>Element(QName)</TD><TD>値段</TD></TR>
<TR>
<TD>Element(Local Name)</TD><TD>値段</TD></TR>
<TR>
<TD>Attribute(QName)</TD><TD>通貨</TD></TR>
<TR>
<TD>Attribute(Local Name)</TD><TD>通貨</TD></TR>
<TR>
<TD>Attribute(Type)</TD><TD>CDATA</TD></TR>
<TR>
<TD>Attribute(Value)</TD><TD>円</TD></TR>
<TR>
<TD>Attribute(Prefix)</TD><TD>-</TD></TR>
<TR>
<TD>Attribute(Namespace)</TD><TD>-</TD></TR>
<TR>
<TD>Content</TD><TD>88</TD></TR>
</TBODY></TABLE><BR>
<TABLE border=1>
<TBODY>
<TR>
<TD>Element(QName)</TD><TD>内容量</TD></TR>
<TR>
<TD>Element(Local Name)</TD><TD>内容量</TD></TR>
<TR>
<TD>Attribute(QName)</TD><TD>単位</TD></TR>
<TR>
<TD>Attribute(Local Name)</TD><TD>単位</TD></TR>
<TR>
<TD>Attribute(Type)</TD><TD>CDATA</TD></TR>
<TR>
<TD>Attribute(Value)</TD><TD>ml</TD></TR>
<TR>
<TD>Attribute(Prefix)</TD><TD>-</TD></TR>
<TR>
<TD>Attribute(Namespace)</TD><TD>-</TD></TR>
<TR>
<TD>Content</TD><TD>200</TD></TR>
</TBODY></TABLE><BR>
</TBODY></TABLE><BR>
<TABLE border=1>
<TBODY>
<TR>
<TD>Element(QName)</TD><TD>飲料</TD></TR>
<TR>
<TD>Element(Local Name)</TD><TD>飲料</TD></TR>
<TABLE border=1>
<TBODY>
<TR>
<TD>Element(QName)</TD><TD>名前</TD></TR>
<TR>
<TD>Element(Local Name)</TD><TD>名前</TD></TR>
<TR>
<TD>Content</TD><TD>ﾀﾞｲﾄﾞｰﾌﾞﾚﾝﾄﾞｺｰﾋｰ</TD></TR>
</TBODY></TABLE><BR>
<TABLE border=1>
<TBODY>
<TR>
<TD>Element(QName)</TD><TD>種類</TD></TR>
<TR>
<TD>Element(Local Name)</TD><TD>種類</TD></TR>
<TR>
<TD>Content</TD><TD>コーヒー飲料</TD></TR>
</TBODY></TABLE><BR>
<TABLE border=1>
<TBODY>
<TR>
<TD>Element(QName)</TD><TD>メーカー名</TD></TR>
<TR>
<TD>Element(Local Name)</TD><TD>メーカー名</TD></TR>
<TR>
<TD>Content</TD><TD>ダイドー</TD></TR>
</TBODY></TABLE><BR>
<TABLE border=1>
<TBODY>
<TR>
<TD>Element(QName)</TD><TD>値段</TD></TR>
<TR>
<TD>Element(Local Name)</TD><TD>値段</TD></TR>
<TR>
<TD>Attribute(QName)</TD><TD>通貨</TD></TR>
<TR>
<TD>Attribute(Local Name)</TD><TD>通貨</TD></TR>
<TR>
<TD>Attribute(Type)</TD><TD>CDATA</TD></TR>
<TR>
<TD>Attribute(Value)</TD><TD>円</TD></TR>
<TR>
<TD>Attribute(Prefix)</TD><TD>-</TD></TR>
<TR>
<TD>Attribute(Namespace)</TD><TD>-</TD></TR>
<TR>
<TD>Content</TD><TD>120</TD></TR>
</TBODY></TABLE><BR>
<TABLE border=1>
<TBODY>
<TR>
<TD>Element(QName)</TD><TD>内容量</TD></TR>
<TR>
<TD>Element(Local Name)</TD><TD>内容量</TD></TR>
<TR>
<TD>Attribute(QName)</TD><TD>単位</TD></TR>
<TR>
<TD>Attribute(Local Name)</TD><TD>単位</TD></TR>
<TR>
<TD>Attribute(Type)</TD><TD>CDATA</TD></TR>
<TR>
<TD>Attribute(Value)</TD><TD>g</TD></TR>
<TR>
<TD>Attribute(Prefix)</TD><TD>-</TD></TR>
<TR>
<TD>Attribute(Namespace)</TD><TD>-</TD></TR>
<TR>
<TD>Content</TD><TD>190</TD></TR>
</TBODY></TABLE><BR>
</TBODY></TABLE><BR>
<TABLE border=1>
<TBODY>
<TR>
<TD>Element(QName)</TD><TD>飲料</TD></TR>
<TR>
<TD>Element(Local Name)</TD><TD>飲料</TD></TR>
<TABLE border=1>
<TBODY>
<TR>
<TD>Element(QName)</TD><TD>名前</TD></TR>
<TR>
<TD>Element(Local Name)</TD><TD>名前</TD></TR>
<TR>
<TD>Content</TD><TD>おいしい青汁</TD></TR>
</TBODY></TABLE><BR>
<TABLE border=1>
<TBODY>
<TR>
<TD>Element(QName)</TD><TD>種類</TD></TR>
<TR>
<TD>Element(Local Name)</TD><TD>種類</TD></TR>
<TR>
<TD>Content</TD><TD>野菜ｼﾞｭｰｽ</TD></TR>
</TBODY></TABLE><BR>
<TABLE border=1>
<TBODY>
<TR>
<TD>Element(QName)</TD><TD>メーカー名</TD></TR>
<TR>
<TD>Element(Local Name)</TD><TD>メーカー名</TD></TR>
<TR>
<TD>Content</TD><TD>ｻﾝｽﾀｰ</TD></TR>
</TBODY></TABLE><BR>
<TABLE border=1>
<TBODY>
<TR>
<TD>Element(QName)</TD><TD>値段</TD></TR>
<TR>
<TD>Element(Local Name)</TD><TD>値段</TD></TR>
<TR>
<TD>Attribute(QName)</TD><TD>通貨</TD></TR>
<TR>
<TD>Attribute(Local Name)</TD><TD>通貨</TD></TR>
<TR>
<TD>Attribute(Type)</TD><TD>CDATA</TD></TR>
<TR>
<TD>Attribute(Value)</TD><TD>円</TD></TR>
<TR>
<TD>Attribute(Prefix)</TD><TD>-</TD></TR>
<TR>
<TD>Attribute(Namespace)</TD><TD>-</TD></TR>
<TR>
<TD>Content</TD><TD>198</TD></TR>
</TBODY></TABLE><BR>
<TABLE border=1>
<TBODY>
<TR>
<TD>Element(QName)</TD><TD>内容量</TD></TR>
<TR>
<TD>Element(Local Name)</TD><TD>内容量</TD></TR>
<TR>
<TD>Attribute(QName)</TD><TD>単位</TD></TR>
<TR>
<TD>Attribute(Local Name)</TD><TD>単位</TD></TR>
<TR>
<TD>Attribute(Type)</TD><TD>CDATA</TD></TR>
<TR>
<TD>Attribute(Value)</TD><TD>g</TD></TR>
<TR>
<TD>Attribute(Prefix)</TD><TD>-</TD></TR>
<TR>
<TD>Attribute(Namespace)</TD><TD>-</TD></TR>
<TR>
<TD>Content</TD><TD>160</TD></TR>
</TBODY></TABLE><BR>
</TBODY></TABLE><BR>
<TABLE border=1>
<TBODY>
<TR>
<TD>Element(QName)</TD><TD>飲料</TD></TR>
<TR>
<TD>Element(Local Name)</TD><TD>飲料</TD></TR>
<TABLE border=1>
<TBODY>
<TR>
<TD>Element(QName)</TD><TD>名前</TD></TR>
<TR>
<TD>Element(Local Name)</TD><TD>名前</TD></TR>
<TR>
<TD>Content</TD><TD>ＭＩＵ</TD></TR>
</TBODY></TABLE><BR>
<TABLE border=1>
<TBODY>
<TR>
<TD>Element(QName)</TD><TD>種類</TD></TR>
<TR>
<TD>Element(Local Name)</TD><TD>種類</TD></TR>
<TR>
<TD>Content</TD><TD>ｽﾎﾟｰﾂ飲料</TD></TR>
</TBODY></TABLE><BR>
<TABLE border=1>
<TBODY>
<TR>
<TD>Element(QName)</TD><TD>メーカー名</TD></TR>
<TR>
<TD>Element(Local Name)</TD><TD>メーカー名</TD></TR>
<TR>
<TD>Content</TD><TD>ﾀﾞｲﾄﾞｰﾄﾞﾘﾝｺ</TD></TR>
</TBODY></TABLE><BR>
<TABLE border=1>
<TBODY>
<TR>
<TD>Element(QName)</TD><TD>値段</TD></TR>
<TR>
<TD>Element(Local Name)</TD><TD>値段</TD></TR>
<TR>
<TD>Attribute(QName)</TD><TD>通貨</TD></TR>
<TR>
<TD>Attribute(Local Name)</TD><TD>通貨</TD></TR>
<TR>
<TD>Attribute(Type)</TD><TD>CDATA</TD></TR>
<TR>
<TD>Attribute(Value)</TD><TD>円</TD></TR>
<TR>
<TD>Attribute(Prefix)</TD><TD>-</TD></TR>
<TR>
<TD>Attribute(Namespace)</TD><TD>-</TD></TR>
<TR>
<TD>Content</TD><TD>120</TD></TR>
</TBODY></TABLE><BR>
<TABLE border=1>
<TBODY>
<TR>
<TD>Element(QName)</TD><TD>内容量</TD></TR>
<TR>
<TD>Element(Local Name)</TD><TD>内容量</TD></TR>
<TR>
<TD>Attribute(QName)</TD><TD>単位</TD></TR>
<TR>
<TD>Attribute(Local Name)</TD><TD>単位</TD></TR>
<TR>
<TD>Attribute(Type)</TD><TD>CDATA</TD></TR>
<TR>
<TD>Attribute(Value)</TD><TD>ml</TD></TR>
<TR>
<TD>Attribute(Prefix)</TD><TD>-</TD></TR>
<TR>
<TD>Attribute(Namespace)</TD><TD>-</TD></TR>
<TR>
<TD>Content</TD><TD>490</TD></TR>
</TBODY></TABLE><BR>
</TBODY></TABLE><BR>
<TABLE border=1>
<TBODY>
<TR>
<TD>Element(QName)</TD><TD>飲料</TD></TR>
<TR>
<TD>Element(Local Name)</TD><TD>飲料</TD></TR>
<TABLE border=1>
<TBODY>
<TR>
<TD>Element(QName)</TD><TD>名前</TD></TR>
<TR>
<TD>Element(Local Name)</TD><TD>名前</TD></TR>
<TR>
<TD>Content</TD><TD>はちみつレモン</TD></TR>
</TBODY></TABLE><BR>
<TABLE border=1>
<TBODY>
<TR>
<TD>Element(QName)</TD><TD>種類</TD></TR>
<TR>
<TD>Element(Local Name)</TD><TD>種類</TD></TR>
<TR>
<TD>Content</TD><TD>ジュース</TD></TR>
</TBODY></TABLE><BR>
<TABLE border=1>
<TBODY>
<TR>
<TD>Element(QName)</TD><TD>メーカー名</TD></TR>
<TR>
<TD>Element(Local Name)</TD><TD>メーカー名</TD></TR>
<TR>
<TD>Content</TD><TD>ｻﾝﾄﾘｰ</TD></TR>
</TBODY></TABLE><BR>
<TABLE border=1>
<TBODY>
<TR>
<TD>Element(QName)</TD><TD>値段</TD></TR>
<TR>
<TD>Element(Local Name)</TD><TD>値段</TD></TR>
<TR>
<TD>Attribute(QName)</TD><TD>通貨</TD></TR>
<TR>
<TD>Attribute(Local Name)</TD><TD>通貨</TD></TR>
<TR>
<TD>Attribute(Type)</TD><TD>CDATA</TD></TR>
<TR>
<TD>Attribute(Value)</TD><TD>円</TD></TR>
<TR>
<TD>Attribute(Prefix)</TD><TD>-</TD></TR>
<TR>
<TD>Attribute(Namespace)</TD><TD>-</TD></TR>
<TR>
<TD>Content</TD><TD>120</TD></TR>
</TBODY></TABLE><BR>
<TABLE border=1>
<TBODY>
<TR>
<TD>Element(QName)</TD><TD>内容量</TD></TR>
<TR>
<TD>Element(Local Name)</TD><TD>内容量</TD></TR>
<TR>
<TD>Attribute(QName)</TD><TD>単位</TD></TR>
<TR>
<TD>Attribute(Local Name)</TD><TD>単位</TD></TR>
<TR>
<TD>Attribute(Type)</TD><TD>CDATA</TD></TR>
<TR>
<TD>Attribute(Value)</TD><TD>ml</TD></TR>
<TR>
<TD>Attribute(Prefix)</TD><TD>-</TD></TR>
<TR>
<TD>Attribute(Namespace)</TD><TD>-</TD></TR>
<TR>
<TD>Content</TD><TD>350</TD></TR>
</TBODY></TABLE><BR>
</TBODY></TABLE><BR>
<TABLE border=1>
<TBODY>
<TR>
<TD>Element(QName)</TD><TD>飲料</TD></TR>
<TR>
<TD>Element(Local Name)</TD><TD>飲料</TD></TR>
<TABLE border=1>
<TBODY>
<TR>
<TD>Element(QName)</TD><TD>名前</TD></TR>
<TR>
<TD>Element(Local Name)</TD><TD>名前</TD></TR>
<TR>
<TD>Content</TD><TD>ﾊﾞﾔﾘｰｽｵﾚﾝｼﾞ</TD></TR>
</TBODY></TABLE><BR>
<TABLE border=1>
<TBODY>
<TR>
<TD>Element(QName)</TD><TD>種類</TD></TR>
<TR>
<TD>Element(Local Name)</TD><TD>種類</TD></TR>
<TR>
<TD>Content</TD><TD>ジュース</TD></TR>
</TBODY></TABLE><BR>
<TABLE border=1>
<TBODY>
<TR>
<TD>Element(QName)</TD><TD>メーカー名</TD></TR>
<TR>
<TD>Element(Local Name)</TD><TD>メーカー名</TD></TR>
<TR>
<TD>Content</TD><TD>アサヒ飲料</TD></TR>
</TBODY></TABLE><BR>
<TABLE border=1>
<TBODY>
<TR>
<TD>Element(QName)</TD><TD>値段</TD></TR>
<TR>
<TD>Element(Local Name)</TD><TD>値段</TD></TR>
<TR>
<TD>Attribute(QName)</TD><TD>通貨</TD></TR>
<TR>
<TD>Attribute(Local Name)</TD><TD>通貨</TD></TR>
<TR>
<TD>Attribute(Type)</TD><TD>CDATA</TD></TR>
<TR>
<TD>Attribute(Value)</TD><TD>円</TD></TR>
<TR>
<TD>Attribute(Prefix)</TD><TD>-</TD></TR>
<TR>
<TD>Attribute(Namespace)</TD><TD>-</TD></TR>
<TR>
<TD>Content</TD><TD>100</TD></TR>
</TBODY></TABLE><BR>
<TABLE border=1>
<TBODY>
<TR>
<TD>Element(QName)</TD><TD>内容量</TD></TR>
<TR>
<TD>Element(Local Name)</TD><TD>内容量</TD></TR>
<TR>
<TD>Attribute(QName)</TD><TD>単位</TD></TR>
<TR>
<TD>Attribute(Local Name)</TD><TD>単位</TD></TR>
<TR>
<TD>Attribute(Type)</TD><TD>CDATA</TD></TR>
<TR>
<TD>Attribute(Value)</TD><TD>ml</TD></TR>
<TR>
<TD>Attribute(Prefix)</TD><TD>-</TD></TR>
<TR>
<TD>Attribute(Namespace)</TD><TD>-</TD></TR>
<TR>
<TD>Content</TD><TD>250</TD></TR>
</TBODY></TABLE><BR>
</TBODY></TABLE><BR>
<TABLE border=1>
<TBODY>
<TR>
<TD>Element(QName)</TD><TD>飲料</TD></TR>
<TR>
<TD>Element(Local Name)</TD><TD>飲料</TD></TR>
<TABLE border=1>
<TBODY>
<TR>
<TD>Element(QName)</TD><TD>名前</TD></TR>
<TR>
<TD>Element(Local Name)</TD><TD>名前</TD></TR>
<TR>
<TD>Content</TD><TD>しるこ</TD></TR>
</TBODY></TABLE><BR>
<TABLE border=1>
<TBODY>
<TR>
<TD>Element(QName)</TD><TD>種類</TD></TR>
<TR>
<TD>Element(Local Name)</TD><TD>種類</TD></TR>
<TR>
<TD>Content</TD><TD>その他</TD></TR>
</TBODY></TABLE><BR>
<TABLE border=1>
<TBODY>
<TR>
<TD>Element(QName)</TD><TD>メーカー名</TD></TR>
<TR>
<TD>Element(Local Name)</TD><TD>メーカー名</TD></TR>
<TR>
<TD>Content</TD><TD>森永製菓</TD></TR>
</TBODY></TABLE><BR>
<TABLE border=1>
<TBODY>
<TR>
<TD>Element(QName)</TD><TD>値段</TD></TR>
<TR>
<TD>Element(Local Name)</TD><TD>値段</TD></TR>
<TR>
<TD>Attribute(QName)</TD><TD>通貨</TD></TR>
<TR>
<TD>Attribute(Local Name)</TD><TD>通貨</TD></TR>
<TR>
<TD>Attribute(Type)</TD><TD>CDATA</TD></TR>
<TR>
<TD>Attribute(Value)</TD><TD>円</TD></TR>
<TR>
<TD>Attribute(Prefix)</TD><TD>-</TD></TR>
<TR>
<TD>Attribute(Namespace)</TD><TD>-</TD></TR>
<TR>
<TD>Content</TD><TD>120</TD></TR>
</TBODY></TABLE><BR>
<TABLE border=1>
<TBODY>
<TR>
<TD>Element(QName)</TD><TD>内容量</TD></TR>
<TR>
<TD>Element(Local Name)</TD><TD>内容量</TD></TR>
<TR>
<TD>Attribute(QName)</TD><TD>単位</TD></TR>
<TR>
<TD>Attribute(Local Name)</TD><TD>単位</TD></TR>
<TR>
<TD>Attribute(Type)</TD><TD>CDATA</TD></TR>
<TR>
<TD>Attribute(Value)</TD><TD>g</TD></TR>
<TR>
<TD>Attribute(Prefix)</TD><TD>-</TD></TR>
<TR>
<TD>Attribute(Namespace)</TD><TD>-</TD></TR>
<TR>
<TD>Content</TD><TD>190</TD></TR>
</TBODY></TABLE><BR>
</TBODY></TABLE><BR>
<TABLE border=1>
<TBODY>
<TR>
<TD>Element(QName)</TD><TD>飲料</TD></TR>
<TR>
<TD>Element(Local Name)</TD><TD>飲料</TD></TR>
<TABLE border=1>
<TBODY>
<TR>
<TD>Element(QName)</TD><TD>名前</TD></TR>
<TR>
<TD>Element(Local Name)</TD><TD>名前</TD></TR>
<TR>
<TD>Content</TD><TD>ｼﾞｮｰｼﾞｱ ｴﾒﾗﾙﾄﾞﾏｳﾝﾃﾝﾌﾞﾚﾝﾄﾞ</TD></TR>
</TBODY></TABLE><BR>
<TABLE border=1>
<TBODY>
<TR>
<TD>Element(QName)</TD><TD>種類</TD></TR>
<TR>
<TD>Element(Local Name)</TD><TD>種類</TD></TR>
<TR>
<TD>Content</TD><TD>コーヒー飲料</TD></TR>
</TBODY></TABLE><BR>
<TABLE border=1>
<TBODY>
<TR>
<TD>Element(QName)</TD><TD>メーカー名</TD></TR>
<TR>
<TD>Element(Local Name)</TD><TD>メーカー名</TD></TR>
<TR>
<TD>Content</TD><TD>日本コカ・コーラ</TD></TR>
</TBODY></TABLE><BR>
<TABLE border=1>
<TBODY>
<TR>
<TD>Element(QName)</TD><TD>値段</TD></TR>
<TR>
<TD>Element(Local Name)</TD><TD>値段</TD></TR>
<TR>
<TD>Attribute(QName)</TD><TD>通貨</TD></TR>
<TR>
<TD>Attribute(Local Name)</TD><TD>通貨</TD></TR>
<TR>
<TD>Attribute(Type)</TD><TD>CDATA</TD></TR>
<TR>
<TD>Attribute(Value)</TD><TD>円</TD></TR>
<TR>
<TD>Attribute(Prefix)</TD><TD>-</TD></TR>
<TR>
<TD>Attribute(Namespace)</TD><TD>-</TD></TR>
<TR>
<TD>Content</TD><TD>120</TD></TR>
</TBODY></TABLE><BR>
<TABLE border=1>
<TBODY>
<TR>
<TD>Element(QName)</TD><TD>内容量</TD></TR>
<TR>
<TD>Element(Local Name)</TD><TD>内容量</TD></TR>
<TR>
<TD>Attribute(QName)</TD><TD>単位</TD></TR>
<TR>
<TD>Attribute(Local Name)</TD><TD>単位</TD></TR>
<TR>
<TD>Attribute(Type)</TD><TD>CDATA</TD></TR>
<TR>
<TD>Attribute(Value)</TD><TD>ml</TD></TR>
<TR>
<TD>Attribute(Prefix)</TD><TD>-</TD></TR>
<TR>
<TD>Attribute(Namespace)</TD><TD>-</TD></TR>
<TR>
<TD>Content</TD><TD>190</TD></TR>
</TBODY></TABLE><BR>
</TBODY></TABLE><BR>
<TABLE border=1>
<TBODY>
<TR>
<TD>Element(QName)</TD><TD>飲料</TD></TR>
<TR>
<TD>Element(Local Name)</TD><TD>飲料</TD></TR>
<TABLE border=1>
<TBODY>
<TR>
<TD>Element(QName)</TD><TD>名前</TD></TR>
<TR>
<TD>Element(Local Name)</TD><TD>名前</TD></TR>
<TR>
<TD>Content</TD><TD>ラムネ</TD></TR>
</TBODY></TABLE><BR>
<TABLE border=1>
<TBODY>
<TR>
<TD>Element(QName)</TD><TD>種類</TD></TR>
<TR>
<TD>Element(Local Name)</TD><TD>種類</TD></TR>
<TR>
<TD>Content</TD><TD>炭酸飲料</TD></TR>
</TBODY></TABLE><BR>
<TABLE border=1>
<TBODY>
<TR>
<TD>Element(QName)</TD><TD>メーカー名</TD></TR>
<TR>
<TD>Element(Local Name)</TD><TD>メーカー名</TD></TR>
<TR>
<TD>Content</TD><TD>木村飲料</TD></TR>
</TBODY></TABLE><BR>
<TABLE border=1>
<TBODY>
<TR>
<TD>Element(QName)</TD><TD>値段</TD></TR>
<TR>
<TD>Element(Local Name)</TD><TD>値段</TD></TR>
<TR>
<TD>Attribute(QName)</TD><TD>通貨</TD></TR>
<TR>
<TD>Attribute(Local Name)</TD><TD>通貨</TD></TR>
<TR>
<TD>Attribute(Type)</TD><TD>CDATA</TD></TR>
<TR>
<TD>Attribute(Value)</TD><TD>円</TD></TR>
<TR>
<TD>Attribute(Prefix)</TD><TD>-</TD></TR>
<TR>
<TD>Attribute(Namespace)</TD><TD>-</TD></TR>
<TR>
<TD>Content</TD><TD>120</TD></TR>
</TBODY></TABLE><BR>
<TABLE border=1>
<TBODY>
<TR>
<TD>Element(QName)</TD><TD>内容量</TD></TR>
<TR>
<TD>Element(Local Name)</TD><TD>内容量</TD></TR>
<TR>
<TD>Attribute(QName)</TD><TD>単位</TD></TR>
<TR>
<TD>Attribute(Local Name)</TD><TD>単位</TD></TR>
<TR>
<TD>Attribute(Type)</TD><TD>CDATA</TD></TR>
<TR>
<TD>Attribute(Value)</TD><TD>ml</TD></TR>
<TR>
<TD>Attribute(Prefix)</TD><TD>-</TD></TR>
<TR>
<TD>Attribute(Namespace)</TD><TD>-</TD></TR>
<TR>
<TD>Content</TD><TD>200</TD></TR>
</TBODY></TABLE><BR>
</TBODY></TABLE><BR>
<TABLE border=1>
<TBODY>
<TR>
<TD>Element(QName)</TD><TD>飲料</TD></TR>
<TR>
<TD>Element(Local Name)</TD><TD>飲料</TD></TR>
<TABLE border=1>
<TBODY>
<TR>
<TD>Element(QName)</TD><TD>名前</TD></TR>
<TR>
<TD>Element(Local Name)</TD><TD>名前</TD></TR>
<TR>
<TD>Content</TD><TD>ﾘｱﾙｺﾞｰﾙﾄﾞ</TD></TR>
</TBODY></TABLE><BR>
<TABLE border=1>
<TBODY>
<TR>
<TD>Element(QName)</TD><TD>種類</TD></TR>
<TR>
<TD>Element(Local Name)</TD><TD>種類</TD></TR>
<TR>
<TD>Content</TD><TD>ビタミン飲料</TD></TR>
</TBODY></TABLE><BR>
<TABLE border=1>
<TBODY>
<TR>
<TD>Element(QName)</TD><TD>メーカー名</TD></TR>
<TR>
<TD>Element(Local Name)</TD><TD>メーカー名</TD></TR>
<TR>
<TD>Content</TD><TD>コカ・コーラナショナルセールス</TD></TR>
</TBODY></TABLE><BR>
<TABLE border=1>
<TBODY>
<TR>
<TD>Element(QName)</TD><TD>値段</TD></TR>
<TR>
<TD>Element(Local Name)</TD><TD>値段</TD></TR>
<TR>
<TD>Attribute(QName)</TD><TD>通貨</TD></TR>
<TR>
<TD>Attribute(Local Name)</TD><TD>通貨</TD></TR>
<TR>
<TD>Attribute(Type)</TD><TD>CDATA</TD></TR>
<TR>
<TD>Attribute(Value)</TD><TD>円</TD></TR>
<TR>
<TD>Attribute(Prefix)</TD><TD>-</TD></TR>
<TR>
<TD>Attribute(Namespace)</TD><TD>-</TD></TR>
<TR>
<TD>Content</TD><TD>120</TD></TR>
</TBODY></TABLE><BR>
<TABLE border=1>
<TBODY>
<TR>
<TD>Element(QName)</TD><TD>内容量</TD></TR>
<TR>
<TD>Element(Local Name)</TD><TD>内容量</TD></TR>
<TR>
<TD>Attribute(QName)</TD><TD>単位</TD></TR>
<TR>
<TD>Attribute(Local Name)</TD><TD>単位</TD></TR>
<TR>
<TD>Attribute(Type)</TD><TD>CDATA</TD></TR>
<TR>
<TD>Attribute(Value)</TD><TD>ml</TD></TR>
<TR>
<TD>Attribute(Prefix)</TD><TD>-</TD></TR>
<TR>
<TD>Attribute(Namespace)</TD><TD>-</TD></TR>
<TR>
<TD>Content</TD><TD>190</TD></TR>
</TBODY></TABLE><BR>
</TBODY></TABLE><BR>
<TABLE border=1>
<TBODY>
<TR>
<TD>Element(QName)</TD><TD>飲料</TD></TR>
<TR>
<TD>Element(Local Name)</TD><TD>飲料</TD></TR>
<TABLE border=1>
<TBODY>
<TR>
<TD>Element(QName)</TD><TD>名前</TD></TR>
<TR>
<TD>Element(Local Name)</TD><TD>名前</TD></TR>
<TR>
<TD>Content</TD><TD>ﾚﾓﾝｽｶｯｼｭ</TD></TR>
</TBODY></TABLE><BR>
<TABLE border=1>
<TBODY>
<TR>
<TD>Element(QName)</TD><TD>種類</TD></TR>
<TR>
<TD>Element(Local Name)</TD><TD>種類</TD></TR>
<TR>
<TD>Content</TD><TD>炭酸飲料</TD></TR>
</TBODY></TABLE><BR>
<TABLE border=1>
<TBODY>
<TR>
<TD>Element(QName)</TD><TD>メーカー名</TD></TR>
<TR>
<TD>Element(Local Name)</TD><TD>メーカー名</TD></TR>
<TR>
<TD>Content</TD><TD>不二家</TD></TR>
</TBODY></TABLE><BR>
<TABLE border=1>
<TBODY>
<TR>
<TD>Element(QName)</TD><TD>値段</TD></TR>
<TR>
<TD>Element(Local Name)</TD><TD>値段</TD></TR>
<TR>
<TD>Attribute(QName)</TD><TD>通貨</TD></TR>
<TR>
<TD>Attribute(Local Name)</TD><TD>通貨</TD></TR>
<TR>
<TD>Attribute(Type)</TD><TD>CDATA</TD></TR>
<TR>
<TD>Attribute(Value)</TD><TD>円</TD></TR>
<TR>
<TD>Attribute(Prefix)</TD><TD>-</TD></TR>
<TR>
<TD>Attribute(Namespace)</TD><TD>-</TD></TR>
<TR>
<TD>Content</TD><TD>120</TD></TR>
</TBODY></TABLE><BR>
<TABLE border=1>
<TBODY>
<TR>
<TD>Element(QName)</TD><TD>内容量</TD></TR>
<TR>
<TD>Element(Local Name)</TD><TD>内容量</TD></TR>
<TR>
<TD>Attribute(QName)</TD><TD>単位</TD></TR>
<TR>
<TD>Attribute(Local Name)</TD><TD>単位</TD></TR>
<TR>
<TD>Attribute(Type)</TD><TD>CDATA</TD></TR>
<TR>
<TD>Attribute(Value)</TD><TD>ml</TD></TR>
<TR>
<TD>Attribute(Prefix)</TD><TD>-</TD></TR>
<TR>
<TD>Attribute(Namespace)</TD><TD>-</TD></TR>
<TR>
<TD>Content</TD><TD>350</TD></TR>
</TBODY></TABLE><BR>
</TBODY></TABLE><BR>
<TABLE border=1>
<TBODY>
<TR>
<TD>Element(QName)</TD><TD>飲料</TD></TR>
<TR>
<TD>Element(Local Name)</TD><TD>飲料</TD></TR>
<TABLE border=1>
<TBODY>
<TR>
<TD>Element(QName)</TD><TD>名前</TD></TR>
<TR>
<TD>Element(Local Name)</TD><TD>名前</TD></TR>
<TR>
<TD>Content</TD><TD>プリンシェイク</TD></TR>
</TBODY></TABLE><BR>
<TABLE border=1>
<TBODY>
<TR>
<TD>Element(QName)</TD><TD>種類</TD></TR>
<TR>
<TD>Element(Local Name)</TD><TD>種類</TD></TR>
<TR>
<TD>Content</TD><TD>その他</TD></TR>
</TBODY></TABLE><BR>
<TABLE border=1>
<TBODY>
<TR>
<TD>Element(QName)</TD><TD>メーカー名</TD></TR>
<TR>
<TD>Element(Local Name)</TD><TD>メーカー名</TD></TR>
<TR>
<TD>Content</TD><TD>ﾎﾟｯｶｺｰﾎﾟﾚｰｼｮﾝ</TD></TR>
</TBODY></TABLE><BR>
<TABLE border=1>
<TBODY>
<TR>
<TD>Element(QName)</TD><TD>値段</TD></TR>
<TR>
<TD>Element(Local Name)</TD><TD>値段</TD></TR>
<TR>
<TD>Attribute(QName)</TD><TD>通貨</TD></TR>
<TR>
<TD>Attribute(Local Name)</TD><TD>通貨</TD></TR>
<TR>
<TD>Attribute(Type)</TD><TD>CDATA</TD></TR>
<TR>
<TD>Attribute(Value)</TD><TD>円</TD></TR>
<TR>
<TD>Attribute(Prefix)</TD><TD>-</TD></TR>
<TR>
<TD>Attribute(Namespace)</TD><TD>-</TD></TR>
<TR>
<TD>Content</TD><TD>120</TD></TR>
</TBODY></TABLE><BR>
<TABLE border=1>
<TBODY>
<TR>
<TD>Element(QName)</TD><TD>内容量</TD></TR>
<TR>
<TD>Element(Local Name)</TD><TD>内容量</TD></TR>
<TR>
<TD>Attribute(QName)</TD><TD>単位</TD></TR>
<TR>
<TD>Attribute(Local Name)</TD><TD>単位</TD></TR>
<TR>
<TD>Attribute(Type)</TD><TD>CDATA</TD></TR>
<TR>
<TD>Attribute(Value)</TD><TD>g</TD></TR>
<TR>
<TD>Attribute(Prefix)</TD><TD>-</TD></TR>
<TR>
<TD>Attribute(Namespace)</TD><TD>-</TD></TR>
<TR>
<TD>Content</TD><TD>190</TD></TR>
</TBODY></TABLE><BR>
</TBODY></TABLE><BR>
</TBODY></TABLE><BR>
