Execute SELECT by jdbc41RowSetProvider.
1,漢字表示能力
2,カナｶﾅＫａｎａKana
3,記号\~￣―＼～∥…－￥￠￡￢
4,外字￤丨昻㈱№℡
5,外字ⅠⅡ①②
