Execute CREATE TABLE.
INSERT INTO 테이블명 (컬럼명) VALUES ('ㄱㄴㄷㄹㅁㅂㅅㅇㅈㅊㅋㅌㅍㅎㅏㅑㅓㅕㅗㅛㅜㅠㅡㅣㆎ')
INSERT INTO 테이블명 (컬럼명) VALUES ('㈀㈁㈂㈃㈄㈅㈆㈎㈏㈐㈑㈒㈓㈔㈜㉠㉡㉢㉣㉤㉥㉦㉿')
INSERT INTO 테이블명 (컬럼명) VALUES ('한국일본가대베애케훠')
INSERT INTO 테이블명 (컬럼명) VALUES ('韓國日本伽佳假價禧稀羲詰')
=== AutoClose is called. ===
Execute SELECT by jdbc41autoclose.
1,ㄱㄴㄷㄹㅁㅂㅅㅇㅈㅊㅋㅌㅍㅎㅏㅑㅓㅕㅗㅛㅜㅠㅡㅣㆎ
2,㈀㈁㈂㈃㈄㈅㈆㈎㈏㈐㈑㈒㈓㈔㈜㉠㉡㉢㉣㉤㉥㉦㉿
3,한국일본가대베애케훠
4,韓國日本伽佳假價禧稀羲詰
