Execute SELECT by jdbc41RowSetProvider.
1,ㄱㄴㄷㄹㅁㅂㅅㅇㅈㅊㅋㅌㅍㅎㅏㅑㅓㅕㅗㅛㅜㅠㅡㅣㆎ
2,㈀㈁㈂㈃㈄㈅㈆㈎㈏㈐㈑㈒㈓㈔㈜㉠㉡㉢㉣㉤㉥㉦㉿
3,한국일본가대베애케훠
4,韓國日本伽佳假價禧稀羲詰
