Execute CREATE TABLE.
INSERT INTO テーブル (名前) VALUES ('漢字表示能力')
INSERT INTO テーブル (名前) VALUES ('カナｶﾅＫａｎａKana')
INSERT INTO テーブル (名前) VALUES ('記号\~￣—＼〜‖…−￥￠￡￢')
INSERT INTO テーブル (名前) VALUES ('外字¦丨昻㈱№℡')
INSERT INTO テーブル (名前) VALUES ('外字ⅠⅡ①②')
=== AutoClose is called. ===
Execute SELECT by jdbc41autoclose.
1,漢字表示能力
2,カナｶﾅＫａｎａKana
3,記号\~￣—＼〜‖…−￥￠￡￢
4,外字¦丨昻㈱№℡
5,外字ⅠⅡ①②
