LOCALE = ko
JDBC41_TABLE_NAME = 테이블명
JDBC41_CNAME = 컬럼명
"Compiling ..."
--- Create Table and Insert test data in JavaDB.
Execute CREATE TABLE.
INSERT INTO 테이블명 (컬럼명) VALUES ('ㄱㄴㄷㄹㅁㅂㅅㅇㅈㅊㅋㅌㅍㅎㅏㅑㅓㅕㅗㅛㅜㅠㅡㅣㆎ')
INSERT INTO 테이블명 (컬럼명) VALUES ('㈀㈁㈂㈃㈄㈅㈆㈎㈏㈐㈑㈒㈓㈔㈜㉠㉡㉢㉣㉤㉥㉦㉿')
INSERT INTO 테이블명 (컬럼명) VALUES ('한국일본가대베애케훠')
INSERT INTO 테이블명 (컬럼명) VALUES ('韓國日本伽佳假價禧稀羲詰')
=== AutoClose is called. ===
Execute SELECT by jdbc41autoclose.
1,ㄱㄴㄷㄹㅁㅂㅅㅇㅈㅊㅋㅌㅍㅎㅏㅑㅓㅕㅗㅛㅜㅠㅡㅣㆎ
2,㈀㈁㈂㈃㈄㈅㈆㈎㈏㈐㈑㈒㈓㈔㈜㉠㉡㉢㉣㉤㉥㉦㉿
3,한국일본가대베애케훠
4,韓國日本伽佳假價禧稀羲詰
Execute SELECT by jdbc41RowSetProvider.
1,ㄱㄴㄷㄹㅁㅂㅅㅇㅈㅊㅋㅌㅍㅎㅏㅑㅓㅕㅗㅛㅜㅠㅡㅣㆎ
2,㈀㈁㈂㈃㈄㈅㈆㈎㈏㈐㈑㈒㈓㈔㈜㉠㉡㉢㉣㉤㉥㉦㉿
3,한국일본가대베애케훠
4,韓國日本伽佳假價禧稀羲詰
--- Drop table in JavaDB.
Execute DROP TABLE.
