jar file name is ㄱㄴㄷㄹㅁㅂㅅㅇㅈㅊㅋㅌㅍㅎㅏㅑㅓㅕㅗㅛㅜㅠㅡㅣㆎ.jar, class name is ㄱㄴㄷㄹㅁㅂㅅㅇㅈㅊㅋㅌㅍㅎㅏㅑㅓㅕㅗㅛㅜㅠㅡㅣㆎ

The following is foo.run() result./ Count:1 times.
ㄱㄴㄷㄹㅁㅂㅅㅇㅈㅊㅋㅌㅍㅎㅏㅑㅓㅕㅗㅛㅜㅠㅡㅣㆎ

The following is foo.run() result./ Count:2 times.
㈀㈁㈂㈃㈄㈅㈆㈎㈏㈐㈑㈒㈓㈔㈜㉠㉡㉢㉣㉤㉥㉦㉿

The following is foo.run() result./ Count:3 times.
한국일본가대베애케훠

The following is foo.run() result./ Count:4 times.
韓國日本伽佳假價禧稀羲詰
jar file name is 한국일본가대베애케훠.jar, class name is 한국일본가대베애케훠

The following is foo.run() result./ Count:1 times.
ㄱㄴㄷㄹㅁㅂㅅㅇㅈㅊㅋㅌㅍㅎㅏㅑㅓㅕㅗㅛㅜㅠㅡㅣㆎ

The following is foo.run() result./ Count:2 times.
㈀㈁㈂㈃㈄㈅㈆㈎㈏㈐㈑㈒㈓㈔㈜㉠㉡㉢㉣㉤㉥㉦㉿

The following is foo.run() result./ Count:3 times.
한국일본가대베애케훠

The following is foo.run() result./ Count:4 times.
韓國日本伽佳假價禧稀羲詰
jar file name is 韓國日本伽佳假價禧稀羲詰.jar, class name is 韓國日本伽佳假價禧稀羲詰

The following is foo.run() result./ Count:1 times.
ㄱㄴㄷㄹㅁㅂㅅㅇㅈㅊㅋㅌㅍㅎㅏㅑㅓㅕㅗㅛㅜㅠㅡㅣㆎ

The following is foo.run() result./ Count:2 times.
㈀㈁㈂㈃㈄㈅㈆㈎㈏㈐㈑㈒㈓㈔㈜㉠㉡㉢㉣㉤㉥㉦㉿

The following is foo.run() result./ Count:3 times.
한국일본가대베애케훠

The following is foo.run() result./ Count:4 times.
韓國日本伽佳假價禧稀羲詰
Test is passed.
