jar file name is 漢字表示能力.jar, class name is 漢字表示能力

The following is foo.run() result./ Count:1 times.
漢字表示能力

The following is foo.run() result./ Count:2 times.
カナｶﾅＫａｎａKana

The following is foo.run() result./ Count:3 times.
記号:\~￣—＼〜‖…−￥￠￡￢

The following is foo.run() result./ Count:4 times.
外字:¦丨昻㈱№℡

The following is foo.run() result./ Count:5 times.
外字:ⅠⅡ①②
jar file name is カナｶﾅＫａｎａKana.jar, class name is カナｶﾅＫａｎａKana

The following is foo.run() result./ Count:1 times.
漢字表示能力

The following is foo.run() result./ Count:2 times.
カナｶﾅＫａｎａKana

The following is foo.run() result./ Count:3 times.
記号:\~￣—＼〜‖…−￥￠￡￢

The following is foo.run() result./ Count:4 times.
外字:¦丨昻㈱№℡

The following is foo.run() result./ Count:5 times.
外字:ⅠⅡ①②
jar file name is 記号￥￠￡.jar, class name is 記号￥￠￡

The following is foo.run() result./ Count:1 times.
漢字表示能力

The following is foo.run() result./ Count:2 times.
カナｶﾅＫａｎａKana

The following is foo.run() result./ Count:3 times.
記号:\~￣—＼〜‖…−￥￠￡￢

The following is foo.run() result./ Count:4 times.
外字:¦丨昻㈱№℡

The following is foo.run() result./ Count:5 times.
外字:ⅠⅡ①②
jar file name is 外字丨昻.jar, class name is 外字丨昻

The following is foo.run() result./ Count:1 times.
漢字表示能力

The following is foo.run() result./ Count:2 times.
カナｶﾅＫａｎａKana

The following is foo.run() result./ Count:3 times.
記号:\~￣—＼〜‖…−￥￠￡￢

The following is foo.run() result./ Count:4 times.
外字:¦丨昻㈱№℡

The following is foo.run() result./ Count:5 times.
外字:ⅠⅡ①②
jar file name is 外字ⅠⅡ.jar, class name is 外字ⅠⅡ

The following is foo.run() result./ Count:1 times.
漢字表示能力

The following is foo.run() result./ Count:2 times.
カナｶﾅＫａｎａKana

The following is foo.run() result./ Count:3 times.
記号:\~￣—＼〜‖…−￥￠￡￢

The following is foo.run() result./ Count:4 times.
外字:¦丨昻㈱№℡

The following is foo.run() result./ Count:5 times.
外字:ⅠⅡ①②
Test is passed.
