
Tokenizing Test:

test string: ㄱㄴㄷㄹㅁㅂㅅㅇㅈㅊㅋㅌㅍㅎㅏㅑㅓㅕㅗㅛㅜㅠㅡㅣㆎ ㄱ ㈀㈁㈂㈃㈄㈅㈆㈎㈏㈐㈑㈒㈓㈔㈜㉠㉡㉢㉣㉤㉥㉦㉿ ㄱ 한국일본가대베애케훠 ㄱ 韓國日本伽佳假價禧稀羲詰
delimiter: (space)
item 1: ㄱㄴㄷㄹㅁㅂㅅㅇㅈㅊㅋㅌㅍㅎㅏㅑㅓㅕㅗㅛㅜㅠㅡㅣㆎ
item 2: ㄱ
item 3: ㈀㈁㈂㈃㈄㈅㈆㈎㈏㈐㈑㈒㈓㈔㈜㉠㉡㉢㉣㉤㉥㉦㉿
item 4: ㄱ
item 5: 한국일본가대베애케훠
item 6: ㄱ
item 7: 韓國日本伽佳假價禧稀羲詰

test string: ㄱㄴㄷㄹㅁㅂㅅㅇㅈㅊㅋㅌㅍㅎㅏㅑㅓㅕㅗㅛㅜㅠㅡㅣㆎ ㄱ ㈀㈁㈂㈃㈄㈅㈆㈎㈏㈐㈑㈒㈓㈔㈜㉠㉡㉢㉣㉤㉥㉦㉿ ㄱ 한국일본가대베애케훠 ㄱ 韓國日本伽佳假價禧稀羲詰
delimiter: ㄱ
item 1: ㄴㄷㄹㅁㅂㅅㅇㅈㅊㅋㅌㅍㅎㅏㅑㅓㅕㅗㅛㅜㅠㅡㅣㆎ
item 2: ㈀㈁㈂㈃㈄㈅㈆㈎㈏㈐㈑㈒㈓㈔㈜㉠㉡㉢㉣㉤㉥㉦㉿
item 3: 한국일본가대베애케훠
item 4: 韓國日本伽佳假價禧稀羲詰

Pattern Matching Test:

test string: ㄱㄴㄷㄹㅁㅂㅅㅇㅈㅊㅋㅌㅍㅎㅏㅑㅓㅕㅗㅛㅜㅠㅡㅣㆎ ㄱ ㈀㈁㈂㈃㈄㈅㈆㈎㈏㈐㈑㈒㈓㈔㈜㉠㉡㉢㉣㉤㉥㉦㉿ ㄱ 한국일본가대베애케훠 ㄱ 韓國日本伽佳假價禧稀羲詰
pattern: ㄱ[^ ]*
item 1: ㄱㄴㄷㄹㅁㅂㅅㅇㅈㅊㅋㅌㅍㅎㅏㅑㅓㅕㅗㅛㅜㅠㅡㅣㆎ
item 2: ㄱ
item 3: ㄱ
item 4: ㄱ

test string: ㄱㄴㄷㄹㅁㅂㅅㅇㅈㅊㅋㅌㅍㅎㅏㅑㅓㅕㅗㅛㅜㅠㅡㅣㆎ ㄱ ㈀㈁㈂㈃㈄㈅㈆㈎㈏㈐㈑㈒㈓㈔㈜㉠㉡㉢㉣㉤㉥㉦㉿ ㄱ 한국일본가대베애케훠 ㄱ 韓國日本伽佳假價禧稀羲詰
pattern: ㄱ [^ ]*
item 1: ㄱ ㈀㈁㈂㈃㈄㈅㈆㈎㈏㈐㈑㈒㈓㈔㈜㉠㉡㉢㉣㉤㉥㉦㉿
item 2: ㄱ 한국일본가대베애케훠
item 3: ㄱ 韓國日本伽佳假價禧稀羲詰
