<?xml version="1.0" encoding="UTF-8"?><漢字表示能力root><漢字表示能力_1elm 漢字表示能力_2attr="漢字表示能力_2val0"><漢字表示能力_3elm>漢字表示能力_3val</漢字表示能力_3elm></漢字表示能力_1elm><漢字表示能力_1elm 漢字表示能力_2attr="漢字表示能力_2val1"><漢字表示能力_3elm>漢字表示能力_3val</漢字表示能力_3elm></漢字表示能力_1elm><漢字表示能力_1elm 漢字表示能力_2attr="漢字表示能力_2val2"><漢字表示能力_3elm>漢字表示能力_3val</漢字表示能力_3elm></漢字表示能力_1elm><漢字表示能力_1elm 漢字表示能力_2attr="漢字表示能力_2val3"><漢字表示能力_3elm>漢字表示能力_3val</漢字表示能力_3elm></漢字表示能力_1elm><漢字表示能力_1elm 漢字表示能力_2attr="漢字表示能力_2val4"><漢字表示能力_3elm>漢字表示能力_3val</漢字表示能力_3elm></漢字表示能力_1elm><!--漢字表示能力 comment--></漢字表示能力root>