Character Boundary Test :
A
m
i
는
 
X
I
M
 
방
식
의
 
입
력
을
 
지
원
하
는
 
프
로
그
램
을
 
도
와
 
한
글
 
입
력
이
 
가
능
 
하
도
록
 
하
는
 
입
력
기
입
니
다
.
 
0
.
2
.
0
부
터
는
 
어
느
 
정
도
 
안
정
성
을
 
보
입
니
다
.
 
한
자
 
사
전
은
 
이
 
소
스
를
 
받
으
신
 
곳
에
서
 
h
a
n
j
a
.
d
i
c
.
g
z
 
얻
어
서
 
g
z
i
p
-
d
h
a
n
j
a
.
d
i
c
.
g
z
를
 
이
용
 
압
축
을
 
해
제
하
고
 
/
u
s
r
/
l
o
c
a
l
/
s
h
a
r
e
/
a
m
i
/
h
a
n
j
a
.
d
i
c
로
 
이
동
해
 
놓
으
시
면
 
됩
니
다
.
 
c
o
n
f
i
g
u
r
e
시
 
p
r
e
f
i
x
를
 
다
른
 
곳
으
로
 
지
정
하
셨
다
면
 
그
 
곳
으
로
 
따
라
서
 
이
동
시
켜
야
 
합
니
다
.
 
이
 
사
전
은
 
한
자
 
한
 
글
자
에
 
해
당
하
는
 
아
주
 
간
단
한
 
사
전
입
니
다
.
 
저
작
권
:
I
M
d
k
i
t
를
제
외
한
부
분
은
황
치
덕
에
게
저
작
권
이
있
으
며
이
의
사
용
은
G
P
L
에
따
라
야
합
니
다
.
C
O
P
Y
I
N
G
파
일
참
조
.
도
움
이
된
프
로
그
램
들
:
s
a
m
p
l
e
I
M
:
I
M
d
k
i
t
에
있
는
예
제
프
로
그
램
,
이
것
을
하
나
하
나
고
쳐
나
갔
습
니
다
.
ㄱ
ㄴ
ㄷ
ㄹ
ㅁ
ㅂ
ㅅ
ㅇ
ㅈ
ㅊ
ㅋ
ㅌ
ㅍ
ㅎ
ㅏ
ㅑ
ㅓ
ㅕ
ㅗ
ㅛ
ㅜ
ㅠ
ㅡ
ㅣ
ㆎ
㈀
㈁
㈂
㈃
㈄
㈅
㈆
㈎
㈏
㈐
㈑
㈒
㈓
㈔
㈜
㉠
㉡
㉢
㉣
㉤
㉥
㉦
㉿
한
국
일
본
가
대
베
애
케
훠
韓
國
日
本
伽
佳
假
價
禧
稀
羲
詰
b
y
e
o
r
o
o
,
h
t
t
,
h
e
r
,
u
I
M
S
새
버
전
을
구
하
는
곳
h
t
t
p
:
/
/
w
w
w
.
k
r
.
f
r
e
e
b
s
d
.
o
r
g
/
~
h
w
a
n
g
/
a
m
i
에
오
시
면
최
신
버
전
과
이
에
관
계
된
정
보
를
구
하
실
수
있
습
니
다
.
황
치
덕
(
h
w
a
n
g
@
m
i
z
i
.
c
o
.
k
r
)
가
伽
佳
假
價
加
可
呵
哥
嘉
嫁
家
暇
架
枷
柯
歌
珂
痂
稼
苛
茄
街
袈
訶
賈
跏
軻
迦
駕
가
가
대
소
可
可
大
笑
呵
呵
大
笑
가
가
호
호
家
家
戶
戶
가
건
물
假
建
物
각
刻
却
各
恪
慤
殼
珏
脚
覺
角
閣
각
각
刻
刻
各
各
각
개
各
個
각
개
인
各
個
人
각
계
各
界
각
고
刻
苦
각
골
刻
骨
각
골
난
망
刻
骨
難
忘
각
골
명
심
刻
骨
銘
心
각
과
各
課
감
勘
坎
堪
嵌
感
憾
戡
敢
柑
橄
減
甘
疳
監
瞰
紺
邯
鑑
鑒
龕
감
가
減
價
감
각
感
覺

End of this test.
Word Boundary Test :
Ami는
 
XIM
 
방식의
 
입력을
 
지원하는
 
프로그램을
 
도와
 
한글
 
입력이
 
가능
 
하도록
 
하는
 
입력기입니다
.
 
0.2.0부터는
 
어느
 
정도
 
안정성을
 
보입니다
.
 
한자
 
사전은
 
이
 
소스를
 
받으신
 
곳에서
 
hanja.dic.gz
 
얻어서
 
gzip-dhanja.dic.gz를
 
이용
 
압축을
 
해제하고
 
/
usr
/
local
/
share
/
ami
/
hanja.dic로
 
이동해
 
놓으시면
 
됩니다
.
 
configure시
 
prefix를
 
다른
 
곳으로
 
지정하셨다면
 
그
 
곳으로
 
따라서
 
이동시켜야
 
합니다
.
 
이
 
사전은
 
한자
 
한
 
글자에
 
해당하는
 
아주
 
간단한
 
사전입니다
.
 
저작권
:
IMdkit를제외한부분은황치덕에게저작권이있으며이의사용은GPL에따라야합니다.COPYING파일참조.도움이된프로그램들
:
sampleIM
:
IMdkit에있는예제프로그램
,
이것을하나하나고쳐나갔습니다.ㄱㄴㄷㄹㅁㅂㅅㅇㅈㅊㅋㅌㅍㅎㅏㅑㅓㅕㅗㅛㅜㅠㅡㅣㆎ
㈀
㈁
㈂
㈃
㈄
㈅
㈆
㈎
㈏
㈐
㈑
㈒
㈓
㈔
㈜
㉠
㉡
㉢
㉣
㉤
㉥
㉦
㉿
한국일본가대베애케훠
韓國日本伽佳假價禧稀羲詰
byeoroo
,
htt
,
her
,
uIMS새버전을구하는곳http
:
/
/
www.kr.freebsd.org
/
~
hwang
/
ami에오시면최신버전과이에관계된정보를구하실수있습니다.황치덕
(
hwang
@
mizi.co.kr
)
가
伽佳假價加可呵哥嘉嫁家暇架枷柯歌珂痂稼苛茄街袈訶賈跏軻迦駕
가가대소
可可大笑呵呵大笑
가가호호
家家戶戶
가건물
假建物
각
刻却各恪慤殼珏脚覺角閣
각각
刻刻各各
각개
各個
각개인
各個人
각계
各界
각고
刻苦
각골
刻骨
각골난망
刻骨難忘
각골명심
刻骨銘心
각과
各課
감
勘坎堪嵌感憾戡敢柑橄減甘疳監瞰紺邯鑑鑒龕
감가
減價
감각
感覺

End of this test.
Sentence Boundary Test :
Ami는 XIM 방식의 입력을 지원하는 프로그램을 도와 한글 입력이 가능 하도록 하는 입력기입니다. 0.2.0부터는 어느 정도 안정성을 보입니다. 
한자 사전은 이 소스를 받으신 곳에서 hanja.dic.gz 얻어서 gzip-dhanja.dic.gz를 이용 압축을 해제하고 /usr/local/share/ami/hanja.dic로 이동해 놓으시면 됩니다. configure시 prefix를 다른 곳으로 지정하셨다면 그 곳으로 따라서 이동시켜야 합니다. 
이 사전은 한자 한 글자에 해당하는 아주 간단한 사전입니다. 
저작권:IMdkit를제외한부분은황치덕에게저작권이있으며이의사용은GPL에따라야합니다.COPYING파일참조.도움이된프로그램들:sampleIM:IMdkit에있는예제프로그램,이것을하나하나고쳐나갔습니다.ㄱㄴㄷㄹㅁㅂㅅㅇㅈㅊㅋㅌㅍㅎㅏㅑㅓㅕㅗㅛㅜㅠㅡㅣㆎ㈀㈁㈂㈃㈄㈅㈆㈎㈏㈐㈑㈒㈓㈔㈜㉠㉡㉢㉣㉤㉥㉦㉿한국일본가대베애케훠韓國日本伽佳假價禧稀羲詰byeoroo,htt,her,uIMS새버전을구하는곳http://www.kr.freebsd.org/~hwang/ami에오시면최신버전과이에관계된정보를구하실수있습니다.황치덕(hwang@mizi.co.kr)가伽佳假價加可呵哥嘉嫁家暇架枷柯歌珂痂稼苛茄街袈訶賈跏軻迦駕가가대소可可大笑呵呵大笑가가호호家家戶戶가건물假建物각刻却各恪慤殼珏脚覺角閣각각刻刻各各각개各個각개인各個人각계各界각고刻苦각골刻骨각골난망刻骨難忘각골명심刻骨銘心각과各課감勘坎堪嵌感憾戡敢柑橄減甘疳監瞰紺邯鑑鑒龕감가減價감각感覺

End of this test.
Line Boundary Test :
Ami
는 
XIM 
방
식
의 
입
력
을 
지
원
하
는 
프
로
그
램
을 
도
와 
한
글 
입
력
이 
가
능 
하
도
록 
하
는 
입
력
기
입
니
다. 
0.2.0
부
터
는 
어
느 
정
도 
안
정
성
을 
보
입
니
다. 
한
자 
사
전
은 
이 
소
스
를 
받
으
신 
곳
에
서 
hanja.
dic.
gz 
얻
어
서 
gzip-
dhanja.
dic.
gz
를 
이
용 
압
축
을 
해
제
하
고 
/usr/local/share/ami/hanja.
dic
로 
이
동
해 
놓
으
시
면 
됩
니
다. 
configure
시 
prefix
를 
다
른 
곳
으
로 
지
정
하
셨
다
면 
그 
곳
으
로 
따
라
서 
이
동
시
켜
야 
합
니
다. 
이 
사
전
은 
한
자 
한 
글
자
에 
해
당
하
는 
아
주 
간
단
한 
사
전
입
니
다. 
저
작
권:
IMdkit
를
제
외
한
부
분
은
황
치
덕
에
게
저
작
권
이
있
으
며
이
의
사
용
은
GPL
에
따
라
야
합
니
다.
COPYING
파
일
참
조.
도
움
이
된
프
로
그
램
들:
sampleIM:
IMdkit
에
있
는
예
제
프
로
그
램,
이
것
을
하
나
하
나
고
쳐
나
갔
습
니
다.
ㄱㄴㄷㄹㅁㅂㅅㅇㅈㅊㅋㅌㅍㅎㅏㅑㅓㅕㅗㅛㅜㅠㅡㅣㆎ㈀㈁㈂㈃㈄㈅㈆㈎㈏㈐㈑㈒㈓㈔㈜㉠㉡㉢㉣㉤㉥㉦㉿
한
국
일
본
가
대
베
애
케
훠
韓
國
日
本
伽
佳
假
價
禧
稀
羲
詰
byeoroo,
htt,
her,
uIMS
새
버
전
을
구
하
는
곳
http:
//www.
kr.
freebsd.
org/~hwang/ami
에
오
시
면
최
신
버
전
과
이
에
관
계
된
정
보
를
구
하
실
수
있
습
니
다.
황
치
덕
(hwang@mizi.
co.
kr)
가
伽
佳
假
價
加
可
呵
哥
嘉
嫁
家
暇
架
枷
柯
歌
珂
痂
稼
苛
茄
街
袈
訶
賈
跏
軻
迦
駕
가
가
대
소
可
可
大
笑
呵
呵
大
笑
가
가
호
호
家
家
戶
戶
가
건
물
假
建
物
각
刻
却
各
恪
慤
殼
珏
脚
覺
角
閣
각
각
刻
刻
各
各
각
개
各
個
각
개
인
各
個
人
각
계
各
界
각
고
刻
苦
각
골
刻
骨
각
골
난
망
刻
骨
難
忘
각
골
명
심
刻
骨
銘
心
각
과
各
課
감
勘
坎
堪
嵌
感
憾
戡
敢
柑
橄
減
甘
疳
監
瞰
紺
邯
鑑
鑒
龕
감
가
減
價
감
각
感
覺

End of this test.
