creating source file...
compiling...
execute javap
Compiled from "AnnotatedTest.java"
public class AnnotatedTest {
  public java.lang.String ㄱㄴㄷㅏㅑㅓ한국일본韓國日本_1;
  public int ㄱㄴㄷㅏㅑㅓ한국일본韓國日本_2;
  public AnnotatedTest();
  public void ㄱㄴㄷㅏㅑㅓ한국일본韓國日本_1();
  public void ㄱㄴㄷㅏㅑㅓ한국일본韓國日本_2();
}
execute javac with processor option with RELEASE_6
annotation : @ㄱㄴㄷㅏㅑㅓ한국일본韓國日本(ㄱㄴㄷㅏㅑㅓ한국일본韓國日本_1=1234567890, ㄱㄴㄷㅏㅑㅓ한국일본韓國日本_2="\u3131\u3134\u3137\u314f\u3151\u3153\ud55c\uad6d\uc77c\ubcf8\u97d3\u570b\u65e5\u672c")
kind: CLASS
modifier: [public]
type: AnnotatedTest
element: AnnotatedTest

annotation : @ㄱㄴㄷㅏㅑㅓ한국일본韓國日本_constructor("\u3131\u3134\u3137\u314f\u3151\u3153\ud55c\uad6d\uc77c\ubcf8\u97d3\u570b\u65e5\u672c")
kind: CONSTRUCTOR
modifier: [public]
type: ()void
element: AnnotatedTest()

annotation : @ㄱㄴㄷㅏㅑㅓ한국일본韓國日本_field("\u3131\u3134\u3137\u314f\u3151\u3153\ud55c\uad6d\uc77c\ubcf8\u97d3\u570b\u65e5\u672c_1")
kind: FIELD
modifier: [public]
type: java.lang.String
element: ㄱㄴㄷㅏㅑㅓ한국일본韓國日本_1

annotation : @ㄱㄴㄷㅏㅑㅓ한국일본韓國日本_field("\u3131\u3134\u3137\u314f\u3151\u3153\ud55c\uad6d\uc77c\ubcf8\u97d3\u570b\u65e5\u672c_2")
kind: FIELD
modifier: [public]
type: int
element: ㄱㄴㄷㅏㅑㅓ한국일본韓國日本_2

annotation : @ㄱㄴㄷㅏㅑㅓ한국일본韓國日本_method("\u3131\u3134\u3137\u314f\u3151\u3153\ud55c\uad6d\uc77c\ubcf8\u97d3\u570b\u65e5\u672c_1")
kind: METHOD
modifier: [public]
type: ()void
element: ㄱㄴㄷㅏㅑㅓ한국일본韓國日本_1()

annotation : @ㄱㄴㄷㅏㅑㅓ한국일본韓國日本_method("\u3131\u3134\u3137\u314f\u3151\u3153\ud55c\uad6d\uc77c\ubcf8\u97d3\u570b\u65e5\u672c_2")
kind: METHOD
modifier: [public]
type: ()void
element: ㄱㄴㄷㅏㅑㅓ한국일본韓國日本_2()

execute javac with processor option with RELEASE_7
annotation : @ㄱㄴㄷㅏㅑㅓ한국일본韓國日本(ㄱㄴㄷㅏㅑㅓ한국일본韓國日本_1=1234567890, ㄱㄴㄷㅏㅑㅓ한국일본韓國日本_2="\u3131\u3134\u3137\u314f\u3151\u3153\ud55c\uad6d\uc77c\ubcf8\u97d3\u570b\u65e5\u672c")
kind: CLASS
modifier: [public]
type: AnnotatedTest
element: AnnotatedTest

annotation : @ㄱㄴㄷㅏㅑㅓ한국일본韓國日本_constructor("\u3131\u3134\u3137\u314f\u3151\u3153\ud55c\uad6d\uc77c\ubcf8\u97d3\u570b\u65e5\u672c")
kind: CONSTRUCTOR
modifier: [public]
type: ()void
element: AnnotatedTest()

annotation : @ㄱㄴㄷㅏㅑㅓ한국일본韓國日本_field("\u3131\u3134\u3137\u314f\u3151\u3153\ud55c\uad6d\uc77c\ubcf8\u97d3\u570b\u65e5\u672c_1")
kind: FIELD
modifier: [public]
type: java.lang.String
element: ㄱㄴㄷㅏㅑㅓ한국일본韓國日本_1

annotation : @ㄱㄴㄷㅏㅑㅓ한국일본韓國日本_field("\u3131\u3134\u3137\u314f\u3151\u3153\ud55c\uad6d\uc77c\ubcf8\u97d3\u570b\u65e5\u672c_2")
kind: FIELD
modifier: [public]
type: int
element: ㄱㄴㄷㅏㅑㅓ한국일본韓國日本_2

annotation : @ㄱㄴㄷㅏㅑㅓ한국일본韓國日本_method("\u3131\u3134\u3137\u314f\u3151\u3153\ud55c\uad6d\uc77c\ubcf8\u97d3\u570b\u65e5\u672c_1")
kind: METHOD
modifier: [public]
type: ()void
element: ㄱㄴㄷㅏㅑㅓ한국일본韓國日本_1()

annotation : @ㄱㄴㄷㅏㅑㅓ한국일본韓國日本_method("\u3131\u3134\u3137\u314f\u3151\u3153\ud55c\uad6d\uc77c\ubcf8\u97d3\u570b\u65e5\u672c_2")
kind: METHOD
modifier: [public]
type: ()void
element: ㄱㄴㄷㅏㅑㅓ한국일본韓國日本_2()

execute javac with processor option with RELEASE_8
annotation : @ㄱㄴㄷㅏㅑㅓ한국일본韓國日本(ㄱㄴㄷㅏㅑㅓ한국일본韓國日本_1=1234567890, ㄱㄴㄷㅏㅑㅓ한국일본韓國日本_2="\u3131\u3134\u3137\u314f\u3151\u3153\ud55c\uad6d\uc77c\ubcf8\u97d3\u570b\u65e5\u672c")
kind: CLASS
modifier: [public]
type: AnnotatedTest
element: AnnotatedTest

annotation : @ㄱㄴㄷㅏㅑㅓ한국일본韓國日本_constructor("\u3131\u3134\u3137\u314f\u3151\u3153\ud55c\uad6d\uc77c\ubcf8\u97d3\u570b\u65e5\u672c")
kind: CONSTRUCTOR
modifier: [public]
type: ()void
element: AnnotatedTest()

annotation : @ㄱㄴㄷㅏㅑㅓ한국일본韓國日本_field("\u3131\u3134\u3137\u314f\u3151\u3153\ud55c\uad6d\uc77c\ubcf8\u97d3\u570b\u65e5\u672c_1")
kind: FIELD
modifier: [public]
type: java.lang.String
element: ㄱㄴㄷㅏㅑㅓ한국일본韓國日本_1

annotation : @ㄱㄴㄷㅏㅑㅓ한국일본韓國日本_field("\u3131\u3134\u3137\u314f\u3151\u3153\ud55c\uad6d\uc77c\ubcf8\u97d3\u570b\u65e5\u672c_2")
kind: FIELD
modifier: [public]
type: int
element: ㄱㄴㄷㅏㅑㅓ한국일본韓國日本_2

annotation : @ㄱㄴㄷㅏㅑㅓ한국일본韓國日本_method("\u3131\u3134\u3137\u314f\u3151\u3153\ud55c\uad6d\uc77c\ubcf8\u97d3\u570b\u65e5\u672c_1")
kind: METHOD
modifier: [public]
type: ()void
element: ㄱㄴㄷㅏㅑㅓ한국일본韓國日本_1()

annotation : @ㄱㄴㄷㅏㅑㅓ한국일본韓國日本_method("\u3131\u3134\u3137\u314f\u3151\u3153\ud55c\uad6d\uc77c\ubcf8\u97d3\u570b\u65e5\u672c_2")
kind: METHOD
modifier: [public]
type: ()void
element: ㄱㄴㄷㅏㅑㅓ한국일본韓國日本_2()

execute javac with processor option with RELEASE_11
annotation : @ㄱㄴㄷㅏㅑㅓ한국일본韓國日本(ㄱㄴㄷㅏㅑㅓ한국일본韓國日本_1=1234567890, ㄱㄴㄷㅏㅑㅓ한국일본韓國日本_2="\u3131\u3134\u3137\u314f\u3151\u3153\ud55c\uad6d\uc77c\ubcf8\u97d3\u570b\u65e5\u672c")
kind: CLASS
modifier: [public]
type: AnnotatedTest
element: AnnotatedTest

annotation : @ㄱㄴㄷㅏㅑㅓ한국일본韓國日本_constructor("\u3131\u3134\u3137\u314f\u3151\u3153\ud55c\uad6d\uc77c\ubcf8\u97d3\u570b\u65e5\u672c")
kind: CONSTRUCTOR
modifier: [public]
type: ()void
element: AnnotatedTest()

annotation : @ㄱㄴㄷㅏㅑㅓ한국일본韓國日本_field("\u3131\u3134\u3137\u314f\u3151\u3153\ud55c\uad6d\uc77c\ubcf8\u97d3\u570b\u65e5\u672c_1")
kind: FIELD
modifier: [public]
type: java.lang.String
element: ㄱㄴㄷㅏㅑㅓ한국일본韓國日本_1

annotation : @ㄱㄴㄷㅏㅑㅓ한국일본韓國日本_field("\u3131\u3134\u3137\u314f\u3151\u3153\ud55c\uad6d\uc77c\ubcf8\u97d3\u570b\u65e5\u672c_2")
kind: FIELD
modifier: [public]
type: int
element: ㄱㄴㄷㅏㅑㅓ한국일본韓國日本_2

annotation : @ㄱㄴㄷㅏㅑㅓ한국일본韓國日本_method("\u3131\u3134\u3137\u314f\u3151\u3153\ud55c\uad6d\uc77c\ubcf8\u97d3\u570b\u65e5\u672c_1")
kind: METHOD
modifier: [public]
type: ()void
element: ㄱㄴㄷㅏㅑㅓ한국일본韓國日本_1()

annotation : @ㄱㄴㄷㅏㅑㅓ한국일본韓國日本_method("\u3131\u3134\u3137\u314f\u3151\u3153\ud55c\uad6d\uc77c\ubcf8\u97d3\u570b\u65e5\u672c_2")
kind: METHOD
modifier: [public]
type: ()void
element: ㄱㄴㄷㅏㅑㅓ한국일본韓國日本_2()

