File Copy Test :
Original Directory :
   AIX_Ja_JP.IBM-943
      かな仮名カナ
         ([{かな-ｶﾅ-カナ}])
         KanaｶﾅＫａｎａカナ
         仮名かなｶﾅカナ
      外字
         ①②㍉㌔
Copied Directory :
   AIX_Ja_JP.IBM-943
      かな仮名カナ
         ([{かな-ｶﾅ-カナ}])
         KanaｶﾅＫａｎａカナ
         仮名かなｶﾅカナ
      外字
         ①②㍉㌔
Compare : Passed
Hit Enter Key
File Rename Test :
Original Directory :
   AIX_Ja_JP.IBM-943
      かな仮名カナ
         ([{かな-ｶﾅ-カナ}])
         KanaｶﾅＫａｎａカナ
         仮名かなｶﾅカナ
      外字
         ①②㍉㌔
Renamed Directory :
   349-MBI.PJ_aJ_XIA
      ナカ名仮なか
         )]}ナカ-ﾅｶ-なか{[(
         ナカａｎａＫﾅｶanaK
         ナカﾅｶなか名仮
      字外
         ㌔㍉②①
Hit Enter Key
Rename-back : 
Renamed Directory :
   AIX_Ja_JP.IBM-943
      かな仮名カナ
         ([{かな-ｶﾅ-カナ}])
         KanaｶﾅＫａｎａカナ
         仮名かなｶﾅカナ
      外字
         ①②㍉㌔
Compare : Passed
Hit Enter Key
File Delete Test :
Original Directory :
   AIX_Ja_JP.IBM-943
      かな仮名カナ
         ([{かな-ｶﾅ-カナ}])
         KanaｶﾅＫａｎａカナ
         仮名かなｶﾅカナ
      外字
         ①②㍉㌔
Deleted Directory :
