File Copy Test :
Original Directory :
   AIX_KO_KR.UTF-8
      ㄱㄴㄷㄹㅁㅂㅅㅏㅑㅓㅕㅗㅛㅜㅠㅡㅣㆎ
         ─│┌┐┘└├┬┤
         ㄱㄴㄷㄹㅁㅂㅅㅏㅑ
         ㈀㈁㈂㈃㈄㈅㈆㈇㈈
         ㉠㉡㉢㉣㉤㉥㉦㉧㉨
      韓國日本伽佳假價禧稀羲詰
         伽佳假價加可呵哥
         咫地址志持指摯支旨智枝枳止池
         熙熹熺犧禧稀羲詰
      한국일본가대베애케훠
         가각간갇갈갉갊감갑값갓갔강
         빨빪빰빱빳빴빵빻빼빽뺀뺄뺌뺍뺏뺐뺑
         혤혭호혹혼홀홅홈홉홋홍홑화
Copied Directory :
   AIX_KO_KR.UTF-8
      ㄱㄴㄷㄹㅁㅂㅅㅏㅑㅓㅕㅗㅛㅜㅠㅡㅣㆎ
         ─│┌┐┘└├┬┤
         ㄱㄴㄷㄹㅁㅂㅅㅏㅑ
         ㈀㈁㈂㈃㈄㈅㈆㈇㈈
         ㉠㉡㉢㉣㉤㉥㉦㉧㉨
      韓國日本伽佳假價禧稀羲詰
         伽佳假價加可呵哥
         咫地址志持指摯支旨智枝枳止池
         熙熹熺犧禧稀羲詰
      한국일본가대베애케훠
         가각간갇갈갉갊감갑값갓갔강
         빨빪빰빱빳빴빵빻빼빽뺀뺄뺌뺍뺏뺐뺑
         혤혭호혹혼홀홅홈홉홋홍홑화
Compare : Passed
Hit Enter Key
File Rename Test :
Original Directory :
   AIX_KO_KR.UTF-8
      ㄱㄴㄷㄹㅁㅂㅅㅏㅑㅓㅕㅗㅛㅜㅠㅡㅣㆎ
         ─│┌┐┘└├┬┤
         ㄱㄴㄷㄹㅁㅂㅅㅏㅑ
         ㈀㈁㈂㈃㈄㈅㈆㈇㈈
         ㉠㉡㉢㉣㉤㉥㉦㉧㉨
      韓國日本伽佳假價禧稀羲詰
         伽佳假價加可呵哥
         咫地址志持指摯支旨智枝枳止池
         熙熹熺犧禧稀羲詰
      한국일본가대베애케훠
         가각간갇갈갉갊감갑값갓갔강
         빨빪빰빱빳빴빵빻빼빽뺀뺄뺌뺍뺏뺐뺑
         혤혭호혹혼홀홅홈홉홋홍홑화
Renamed Directory :
   8-FTU.RK_OK_XIA
      ㆎㅣㅡㅠㅜㅛㅗㅕㅓㅑㅏㅅㅂㅁㄹㄷㄴㄱ
         ┤┬├└┘┐┌│─
         ㅑㅏㅅㅂㅁㄹㄷㄴㄱ
         ㈈㈇㈆㈅㈄㈃㈂㈁㈀
         ㉨㉧㉦㉥㉤㉣㉢㉡㉠
      詰羲稀禧價假佳伽本日國韓
         哥呵可加價假佳伽
         池止枳枝智旨支摯指持志址地咫
         詰羲稀禧犧熺熹熙
      훠케애베대가본일국한
         강갔갓값갑감갊갉갈갇간각가
         뺑뺐뺏뺍뺌뺄뺀빽빼빻빵빴빳빱빰빪빨
         화홑홍홋홉홈홅홀혼혹호혭혤
Hit Enter Key
Rename-back : 
Renamed Directory :
   AIX_KO_KR.UTF-8
      ㄱㄴㄷㄹㅁㅂㅅㅏㅑㅓㅕㅗㅛㅜㅠㅡㅣㆎ
         ─│┌┐┘└├┬┤
         ㄱㄴㄷㄹㅁㅂㅅㅏㅑ
         ㈀㈁㈂㈃㈄㈅㈆㈇㈈
         ㉠㉡㉢㉣㉤㉥㉦㉧㉨
      韓國日本伽佳假價禧稀羲詰
         伽佳假價加可呵哥
         咫地址志持指摯支旨智枝枳止池
         熙熹熺犧禧稀羲詰
      한국일본가대베애케훠
         가각간갇갈갉갊감갑값갓갔강
         빨빪빰빱빳빴빵빻빼빽뺀뺄뺌뺍뺏뺐뺑
         혤혭호혹혼홀홅홈홉홋홍홑화
Compare : Passed
Hit Enter Key
File Delete Test :
Original Directory :
   AIX_KO_KR.UTF-8
      ㄱㄴㄷㄹㅁㅂㅅㅏㅑㅓㅕㅗㅛㅜㅠㅡㅣㆎ
         ─│┌┐┘└├┬┤
         ㄱㄴㄷㄹㅁㅂㅅㅏㅑ
         ㈀㈁㈂㈃㈄㈅㈆㈇㈈
         ㉠㉡㉢㉣㉤㉥㉦㉧㉨
      韓國日本伽佳假價禧稀羲詰
         伽佳假價加可呵哥
         咫地址志持指摯支旨智枝枳止池
         熙熹熺犧禧稀羲詰
      한국일본가대베애케훠
         가각간갇갈갉갊감갑값갓갔강
         빨빪빰빱빳빴빵빻빼빽뺀뺄뺌뺍뺏뺐뺑
         혤혭호혹혼홀홅홈홉홋홍홑화
Deleted Directory :
