File Copy Test :
Original Directory :
   Linux_ja_JP.UTF-8
      かな仮名カナ
         "'`かな_ｶﾅ_カナ`'"
         ([{かな-ｶﾅ-カナ}])
         KanaｶﾅＫａｎａカナ
         仮名かなｶﾅカナ
      外字
         ⅢⅣⅤⅩ
         ①②㍉㌔
         ㈱№℡
      漢字表示
         Kanji漢字ｶﾝｼﾞ
         充能訃真臉旬±鯨
         表示能力試験
      記号!?
         "`'({[_~-~_]})'`"
         ,.;:!?_~-+*=%&^\@|
         ”｀’（｛［］｝）’｀”
         ￡￠￢￥＼／＄
Copied Directory :
   Linux_ja_JP.UTF-8
      かな仮名カナ
         "'`かな_ｶﾅ_カナ`'"
         ([{かな-ｶﾅ-カナ}])
         KanaｶﾅＫａｎａカナ
         仮名かなｶﾅカナ
      外字
         ⅢⅣⅤⅩ
         ①②㍉㌔
         ㈱№℡
      漢字表示
         Kanji漢字ｶﾝｼﾞ
         充能訃真臉旬±鯨
         表示能力試験
      記号!?
         "`'({[_~-~_]})'`"
         ,.;:!?_~-+*=%&^\@|
         ”｀’（｛［］｝）’｀”
         ￡￠￢￥＼／＄
Compare : Passed
Hit Enter Key
File Rename Test :
Original Directory :
   Linux_ja_JP.UTF-8
      かな仮名カナ
         "'`かな_ｶﾅ_カナ`'"
         ([{かな-ｶﾅ-カナ}])
         KanaｶﾅＫａｎａカナ
         仮名かなｶﾅカナ
      外字
         ⅢⅣⅤⅩ
         ①②㍉㌔
         ㈱№℡
      漢字表示
         Kanji漢字ｶﾝｼﾞ
         充能訃真臉旬±鯨
         表示能力試験
      記号!?
         "`'({[_~-~_]})'`"
         ,.;:!?_~-+*=%&^\@|
         ”｀’（｛［］｝）’｀”
         ￡￠￢￥＼／＄
Renamed Directory :
   8-FTU.PJ_aj_xuniL
      ?!号記
         "`')}]_~-~_[{('`"
         |@\^&%=*+-~_?!:;.,
         ”｀’）｝］［｛（’｀”
         ＄／＼￥￢￠￡
      ナカ名仮なか
         "'`ナカ_ﾅｶ_なか`'"
         )]}ナカ-ﾅｶ-なか{[(
         ナカａｎａＫﾅｶanaK
         ナカﾅｶなか名仮
      字外
         ℡№㈱
         ⅩⅤⅣⅢ
         ㌔㍉②①
      示表字漢
         験試力能示表
         鯨±旬臉真訃能充
         ﾞｼﾝｶ字漢ijnaK
Hit Enter Key
Rename-back : 
Renamed Directory :
   Linux_ja_JP.UTF-8
      かな仮名カナ
         "'`かな_ｶﾅ_カナ`'"
         ([{かな-ｶﾅ-カナ}])
         KanaｶﾅＫａｎａカナ
         仮名かなｶﾅカナ
      外字
         ⅢⅣⅤⅩ
         ①②㍉㌔
         ㈱№℡
      漢字表示
         Kanji漢字ｶﾝｼﾞ
         充能訃真臉旬±鯨
         表示能力試験
      記号!?
         "`'({[_~-~_]})'`"
         ,.;:!?_~-+*=%&^\@|
         ”｀’（｛［］｝）’｀”
         ￡￠￢￥＼／＄
Compare : Passed
Hit Enter Key
File Delete Test :
Original Directory :
   Linux_ja_JP.UTF-8
      かな仮名カナ
         "'`かな_ｶﾅ_カナ`'"
         ([{かな-ｶﾅ-カナ}])
         KanaｶﾅＫａｎａカナ
         仮名かなｶﾅカナ
      外字
         ⅢⅣⅤⅩ
         ①②㍉㌔
         ㈱№℡
      漢字表示
         Kanji漢字ｶﾝｼﾞ
         充能訃真臉旬±鯨
         表示能力試験
      記号!?
         "`'({[_~-~_]})'`"
         ,.;:!?_~-+*=%&^\@|
         ”｀’（｛［］｝）’｀”
         ￡￠￢￥＼／＄
Deleted Directory :
