Name : ko_KR
Country : KR
Language : ko
Variant : 
DisplayName : 한국어 (대한민국)
DisplayCountry : 대한민국
DisplayLanguage : 한국어
DisplayVariant : 
ISO3Country : KOR
ISO3Language : kor
Encoding : UTF8
