<TABLE border=1>
<TBODY>
<TR>
<TD>Version</TD><TD>1.0</TD></TR>
<TD>Encoding</TD><TD>UTF-8</TD></TR>
<TD>Standalone</TD><TD>false</TD></TR>
</TBODY></TABLE><BR>
<TABLE border=1>
<TBODY>
<TR>
<TD>Element(QName)</TD><TD>음료데타베스</TD></TR>
<TR>
<TD>Element(Local Name)</TD><TD>음료데타베스</TD></TR>
<TABLE border=1>
<TBODY>
<TR>
<TD>Element(QName)</TD><TD>음료</TD></TR>
<TR>
<TD>Element(Local Name)</TD><TD>음료</TD></TR>
<TABLE border=1>
<TBODY>
<TR>
<TD>Element(QName)</TD><TD>이름</TD></TR>
<TR>
<TD>Element(Local Name)</TD><TD>이름</TD></TR>
<TR>
<TD>Content</TD><TD>아크에리아스</TD></TR>
</TBODY></TABLE><BR>
<TABLE border=1>
<TBODY>
<TR>
<TD>Element(QName)</TD><TD>종류</TD></TR>
<TR>
<TD>Element(Local Name)</TD><TD>종류</TD></TR>
<TR>
<TD>Content</TD><TD>스포츠음료</TD></TR>
</TBODY></TABLE><BR>
<TABLE border=1>
<TBODY>
<TR>
<TD>Element(QName)</TD><TD>메카이름</TD></TR>
<TR>
<TD>Element(Local Name)</TD><TD>메카이름</TD></TR>
<TR>
<TD>Content</TD><TD>일본코카콜라</TD></TR>
</TBODY></TABLE><BR>
<TABLE border=1>
<TBODY>
<TR>
<TD>Element(QName)</TD><TD>값</TD></TR>
<TR>
<TD>Element(Local Name)</TD><TD>값</TD></TR>
<TR>
<TD>Attribute(QName)</TD><TD>통화</TD></TR>
<TR>
<TD>Attribute(Local Name)</TD><TD>통화</TD></TR>
<TR>
<TD>Attribute(Type)</TD><TD>CDATA</TD></TR>
<TR>
<TD>Attribute(Value)</TD><TD>원</TD></TR>
<TR>
<TD>Attribute(Prefix)</TD><TD>-</TD></TR>
<TR>
<TD>Attribute(Namespace)</TD><TD>-</TD></TR>
<TR>
<TD>Content</TD><TD>120</TD></TR>
</TBODY></TABLE><BR>
<TABLE border=1>
<TBODY>
<TR>
<TD>Element(QName)</TD><TD>내용량</TD></TR>
<TR>
<TD>Element(Local Name)</TD><TD>내용량</TD></TR>
<TR>
<TD>Attribute(QName)</TD><TD>단위</TD></TR>
<TR>
<TD>Attribute(Local Name)</TD><TD>단위</TD></TR>
<TR>
<TD>Attribute(Type)</TD><TD>CDATA</TD></TR>
<TR>
<TD>Attribute(Value)</TD><TD>ml</TD></TR>
<TR>
<TD>Attribute(Prefix)</TD><TD>-</TD></TR>
<TR>
<TD>Attribute(Namespace)</TD><TD>-</TD></TR>
<TR>
<TD>Content</TD><TD>350</TD></TR>
</TBODY></TABLE><BR>
</TBODY></TABLE><BR>
<TABLE border=1>
<TBODY>
<TR>
<TD>Element(QName)</TD><TD>음료</TD></TR>
<TR>
<TD>Element(Local Name)</TD><TD>음료</TD></TR>
<TABLE border=1>
<TBODY>
<TR>
<TD>Element(QName)</TD><TD>이름</TD></TR>
<TR>
<TD>Element(Local Name)</TD><TD>이름</TD></TR>
<TR>
<TD>Content</TD><TD>다카라</TD></TR>
</TBODY></TABLE><BR>
<TABLE border=1>
<TBODY>
<TR>
<TD>Element(QName)</TD><TD>종류</TD></TR>
<TR>
<TD>Element(Local Name)</TD><TD>종류</TD></TR>
<TR>
<TD>Content</TD><TD>스포츠음료</TD></TR>
</TBODY></TABLE><BR>
<TABLE border=1>
<TBODY>
<TR>
<TD>Element(QName)</TD><TD>메카이름</TD></TR>
<TR>
<TD>Element(Local Name)</TD><TD>메카이름</TD></TR>
<TR>
<TD>Content</TD><TD>산토리</TD></TR>
</TBODY></TABLE><BR>
<TABLE border=1>
<TBODY>
<TR>
<TD>Element(QName)</TD><TD>값</TD></TR>
<TR>
<TD>Element(Local Name)</TD><TD>값</TD></TR>
<TR>
<TD>Attribute(QName)</TD><TD>통화</TD></TR>
<TR>
<TD>Attribute(Local Name)</TD><TD>통화</TD></TR>
<TR>
<TD>Attribute(Type)</TD><TD>CDATA</TD></TR>
<TR>
<TD>Attribute(Value)</TD><TD>원</TD></TR>
<TR>
<TD>Attribute(Prefix)</TD><TD>-</TD></TR>
<TR>
<TD>Attribute(Namespace)</TD><TD>-</TD></TR>
<TR>
<TD>Content</TD><TD>120</TD></TR>
</TBODY></TABLE><BR>
<TABLE border=1>
<TBODY>
<TR>
<TD>Element(QName)</TD><TD>내용량</TD></TR>
<TR>
<TD>Element(Local Name)</TD><TD>내용량</TD></TR>
<TR>
<TD>Attribute(QName)</TD><TD>단위</TD></TR>
<TR>
<TD>Attribute(Local Name)</TD><TD>단위</TD></TR>
<TR>
<TD>Attribute(Type)</TD><TD>CDATA</TD></TR>
<TR>
<TD>Attribute(Value)</TD><TD>ml</TD></TR>
<TR>
<TD>Attribute(Prefix)</TD><TD>-</TD></TR>
<TR>
<TD>Attribute(Namespace)</TD><TD>-</TD></TR>
<TR>
<TD>Content</TD><TD>350</TD></TR>
</TBODY></TABLE><BR>
</TBODY></TABLE><BR>
<TABLE border=1>
<TBODY>
<TR>
<TD>Element(QName)</TD><TD>음료</TD></TR>
<TR>
<TD>Element(Local Name)</TD><TD>음료</TD></TR>
<TABLE border=1>
<TBODY>
<TR>
<TD>Element(QName)</TD><TD>이름</TD></TR>
<TR>
<TD>Element(Local Name)</TD><TD>이름</TD></TR>
<TR>
<TD>Content</TD><TD>세노비</TD></TR>
</TBODY></TABLE><BR>
<TABLE border=1>
<TBODY>
<TR>
<TD>Element(QName)</TD><TD>종류</TD></TR>
<TR>
<TD>Element(Local Name)</TD><TD>종류</TD></TR>
<TR>
<TD>Content</TD><TD>스포츠음료</TD></TR>
</TBODY></TABLE><BR>
<TABLE border=1>
<TBODY>
<TR>
<TD>Element(QName)</TD><TD>메카이름</TD></TR>
<TR>
<TD>Element(Local Name)</TD><TD>메카이름</TD></TR>
<TR>
<TD>Content</TD><TD>日本담배산업</TD></TR>
</TBODY></TABLE><BR>
<TABLE border=1>
<TBODY>
<TR>
<TD>Element(QName)</TD><TD>값</TD></TR>
<TR>
<TD>Element(Local Name)</TD><TD>값</TD></TR>
<TR>
<TD>Attribute(QName)</TD><TD>통화</TD></TR>
<TR>
<TD>Attribute(Local Name)</TD><TD>통화</TD></TR>
<TR>
<TD>Attribute(Type)</TD><TD>CDATA</TD></TR>
<TR>
<TD>Attribute(Value)</TD><TD>원</TD></TR>
<TR>
<TD>Attribute(Prefix)</TD><TD>-</TD></TR>
<TR>
<TD>Attribute(Namespace)</TD><TD>-</TD></TR>
<TR>
<TD>Content</TD><TD>140</TD></TR>
</TBODY></TABLE><BR>
<TABLE border=1>
<TBODY>
<TR>
<TD>Element(QName)</TD><TD>내용량</TD></TR>
<TR>
<TD>Element(Local Name)</TD><TD>내용량</TD></TR>
<TR>
<TD>Attribute(QName)</TD><TD>단위</TD></TR>
<TR>
<TD>Attribute(Local Name)</TD><TD>단위</TD></TR>
<TR>
<TD>Attribute(Type)</TD><TD>CDATA</TD></TR>
<TR>
<TD>Attribute(Value)</TD><TD>ml</TD></TR>
<TR>
<TD>Attribute(Prefix)</TD><TD>-</TD></TR>
<TR>
<TD>Attribute(Namespace)</TD><TD>-</TD></TR>
<TR>
<TD>Content</TD><TD>500</TD></TR>
</TBODY></TABLE><BR>
</TBODY></TABLE><BR>
<TABLE border=1>
<TBODY>
<TR>
<TD>Element(QName)</TD><TD>음료</TD></TR>
<TR>
<TD>Element(Local Name)</TD><TD>음료</TD></TR>
<TABLE border=1>
<TBODY>
<TR>
<TD>Element(QName)</TD><TD>이름</TD></TR>
<TR>
<TD>Element(Local Name)</TD><TD>이름</TD></TR>
<TR>
<TD>Content</TD><TD>데카비타챠지</TD></TR>
</TBODY></TABLE><BR>
<TABLE border=1>
<TBODY>
<TR>
<TD>Element(QName)</TD><TD>종류</TD></TR>
<TR>
<TD>Element(Local Name)</TD><TD>종류</TD></TR>
<TR>
<TD>Content</TD><TD>비타민음료</TD></TR>
</TBODY></TABLE><BR>
<TABLE border=1>
<TBODY>
<TR>
<TD>Element(QName)</TD><TD>메카이름</TD></TR>
<TR>
<TD>Element(Local Name)</TD><TD>메카이름</TD></TR>
<TR>
<TD>Content</TD><TD>산토리</TD></TR>
</TBODY></TABLE><BR>
<TABLE border=1>
<TBODY>
<TR>
<TD>Element(QName)</TD><TD>값</TD></TR>
<TR>
<TD>Element(Local Name)</TD><TD>값</TD></TR>
<TR>
<TD>Attribute(QName)</TD><TD>통화</TD></TR>
<TR>
<TD>Attribute(Local Name)</TD><TD>통화</TD></TR>
<TR>
<TD>Attribute(Type)</TD><TD>CDATA</TD></TR>
<TR>
<TD>Attribute(Value)</TD><TD>원</TD></TR>
<TR>
<TD>Attribute(Prefix)</TD><TD>-</TD></TR>
<TR>
<TD>Attribute(Namespace)</TD><TD>-</TD></TR>
<TR>
<TD>Content</TD><TD>120</TD></TR>
</TBODY></TABLE><BR>
<TABLE border=1>
<TBODY>
<TR>
<TD>Element(QName)</TD><TD>내용량</TD></TR>
<TR>
<TD>Element(Local Name)</TD><TD>내용량</TD></TR>
<TR>
<TD>Attribute(QName)</TD><TD>단위</TD></TR>
<TR>
<TD>Attribute(Local Name)</TD><TD>단위</TD></TR>
<TR>
<TD>Attribute(Type)</TD><TD>CDATA</TD></TR>
<TR>
<TD>Attribute(Value)</TD><TD>ml</TD></TR>
<TR>
<TD>Attribute(Prefix)</TD><TD>-</TD></TR>
<TR>
<TD>Attribute(Namespace)</TD><TD>-</TD></TR>
<TR>
<TD>Content</TD><TD>210</TD></TR>
</TBODY></TABLE><BR>
</TBODY></TABLE><BR>
<TABLE border=1>
<TBODY>
<TR>
<TD>Element(QName)</TD><TD>음료</TD></TR>
<TR>
<TD>Element(Local Name)</TD><TD>음료</TD></TR>
<TABLE border=1>
<TBODY>
<TR>
<TD>Element(QName)</TD><TD>이름</TD></TR>
<TR>
<TD>Element(Local Name)</TD><TD>이름</TD></TR>
<TR>
<TD>Content</TD><TD>爽健美茶</TD></TR>
</TBODY></TABLE><BR>
<TABLE border=1>
<TBODY>
<TR>
<TD>Element(QName)</TD><TD>종류</TD></TR>
<TR>
<TD>Element(Local Name)</TD><TD>종류</TD></TR>
<TR>
<TD>Content</TD><TD>차</TD></TR>
</TBODY></TABLE><BR>
<TABLE border=1>
<TBODY>
<TR>
<TD>Element(QName)</TD><TD>메카이름</TD></TR>
<TR>
<TD>Element(Local Name)</TD><TD>메카이름</TD></TR>
<TR>
<TD>Content</TD><TD>코카콜라</TD></TR>
</TBODY></TABLE><BR>
<TABLE border=1>
<TBODY>
<TR>
<TD>Element(QName)</TD><TD>값</TD></TR>
<TR>
<TD>Element(Local Name)</TD><TD>값</TD></TR>
<TR>
<TD>Attribute(QName)</TD><TD>통화</TD></TR>
<TR>
<TD>Attribute(Local Name)</TD><TD>통화</TD></TR>
<TR>
<TD>Attribute(Type)</TD><TD>CDATA</TD></TR>
<TR>
<TD>Attribute(Value)</TD><TD>원</TD></TR>
<TR>
<TD>Attribute(Prefix)</TD><TD>-</TD></TR>
<TR>
<TD>Attribute(Namespace)</TD><TD>-</TD></TR>
<TR>
<TD>Content</TD><TD>150</TD></TR>
</TBODY></TABLE><BR>
<TABLE border=1>
<TBODY>
<TR>
<TD>Element(QName)</TD><TD>내용량</TD></TR>
<TR>
<TD>Element(Local Name)</TD><TD>내용량</TD></TR>
<TR>
<TD>Attribute(QName)</TD><TD>단위</TD></TR>
<TR>
<TD>Attribute(Local Name)</TD><TD>단위</TD></TR>
<TR>
<TD>Attribute(Type)</TD><TD>CDATA</TD></TR>
<TR>
<TD>Attribute(Value)</TD><TD>ml</TD></TR>
<TR>
<TD>Attribute(Prefix)</TD><TD>-</TD></TR>
<TR>
<TD>Attribute(Namespace)</TD><TD>-</TD></TR>
<TR>
<TD>Content</TD><TD>500</TD></TR>
</TBODY></TABLE><BR>
</TBODY></TABLE><BR>
<TABLE border=1>
<TBODY>
<TR>
<TD>Element(QName)</TD><TD>음료</TD></TR>
<TR>
<TD>Element(Local Name)</TD><TD>음료</TD></TR>
<TABLE border=1>
<TBODY>
<TR>
<TD>Element(QName)</TD><TD>이름</TD></TR>
<TR>
<TD>Element(Local Name)</TD><TD>이름</TD></TR>
<TR>
<TD>Content</TD><TD>카고메토마토쥬스식염무첨가</TD></TR>
</TBODY></TABLE><BR>
<TABLE border=1>
<TBODY>
<TR>
<TD>Element(QName)</TD><TD>종류</TD></TR>
<TR>
<TD>Element(Local Name)</TD><TD>종류</TD></TR>
<TR>
<TD>Content</TD><TD>야채쥬스</TD></TR>
</TBODY></TABLE><BR>
<TABLE border=1>
<TBODY>
<TR>
<TD>Element(QName)</TD><TD>메카이름</TD></TR>
<TR>
<TD>Element(Local Name)</TD><TD>메카이름</TD></TR>
<TR>
<TD>Content</TD><TD>카고메</TD></TR>
</TBODY></TABLE><BR>
<TABLE border=1>
<TBODY>
<TR>
<TD>Element(QName)</TD><TD>값</TD></TR>
<TR>
<TD>Element(Local Name)</TD><TD>값</TD></TR>
<TR>
<TD>Attribute(QName)</TD><TD>통화</TD></TR>
<TR>
<TD>Attribute(Local Name)</TD><TD>통화</TD></TR>
<TR>
<TD>Attribute(Type)</TD><TD>CDATA</TD></TR>
<TR>
<TD>Attribute(Value)</TD><TD>원</TD></TR>
<TR>
<TD>Attribute(Prefix)</TD><TD>-</TD></TR>
<TR>
<TD>Attribute(Namespace)</TD><TD>-</TD></TR>
<TR>
<TD>Content</TD><TD>120</TD></TR>
</TBODY></TABLE><BR>
<TABLE border=1>
<TBODY>
<TR>
<TD>Element(QName)</TD><TD>내용량</TD></TR>
<TR>
<TD>Element(Local Name)</TD><TD>내용량</TD></TR>
<TR>
<TD>Attribute(QName)</TD><TD>단위</TD></TR>
<TR>
<TD>Attribute(Local Name)</TD><TD>단위</TD></TR>
<TR>
<TD>Attribute(Type)</TD><TD>CDATA</TD></TR>
<TR>
<TD>Attribute(Value)</TD><TD>g</TD></TR>
<TR>
<TD>Attribute(Prefix)</TD><TD>-</TD></TR>
<TR>
<TD>Attribute(Namespace)</TD><TD>-</TD></TR>
<TR>
<TD>Content</TD><TD>160</TD></TR>
</TBODY></TABLE><BR>
</TBODY></TABLE><BR>
<TABLE border=1>
<TBODY>
<TR>
<TD>Element(QName)</TD><TD>음료</TD></TR>
<TR>
<TD>Element(Local Name)</TD><TD>음료</TD></TR>
<TABLE border=1>
<TBODY>
<TR>
<TD>Element(QName)</TD><TD>이름</TD></TR>
<TR>
<TD>Element(Local Name)</TD><TD>이름</TD></TR>
<TR>
<TD>Content</TD><TD>콘포타쥬나마</TD></TR>
</TBODY></TABLE><BR>
<TABLE border=1>
<TBODY>
<TR>
<TD>Element(QName)</TD><TD>종류</TD></TR>
<TR>
<TD>Element(Local Name)</TD><TD>종류</TD></TR>
<TR>
<TD>Content</TD><TD>스푸</TD></TR>
</TBODY></TABLE><BR>
<TABLE border=1>
<TBODY>
<TR>
<TD>Element(QName)</TD><TD>메카이름</TD></TR>
<TR>
<TD>Element(Local Name)</TD><TD>메카이름</TD></TR>
<TR>
<TD>Content</TD><TD>카고메</TD></TR>
</TBODY></TABLE><BR>
<TABLE border=1>
<TBODY>
<TR>
<TD>Element(QName)</TD><TD>값</TD></TR>
<TR>
<TD>Element(Local Name)</TD><TD>값</TD></TR>
<TR>
<TD>Attribute(QName)</TD><TD>통화</TD></TR>
<TR>
<TD>Attribute(Local Name)</TD><TD>통화</TD></TR>
<TR>
<TD>Attribute(Type)</TD><TD>CDATA</TD></TR>
<TR>
<TD>Attribute(Value)</TD><TD>원</TD></TR>
<TR>
<TD>Attribute(Prefix)</TD><TD>-</TD></TR>
<TR>
<TD>Attribute(Namespace)</TD><TD>-</TD></TR>
<TR>
<TD>Content</TD><TD>120</TD></TR>
</TBODY></TABLE><BR>
<TABLE border=1>
<TBODY>
<TR>
<TD>Element(QName)</TD><TD>내용량</TD></TR>
<TR>
<TD>Element(Local Name)</TD><TD>내용량</TD></TR>
<TR>
<TD>Attribute(QName)</TD><TD>단위</TD></TR>
<TR>
<TD>Attribute(Local Name)</TD><TD>단위</TD></TR>
<TR>
<TD>Attribute(Type)</TD><TD>CDATA</TD></TR>
<TR>
<TD>Attribute(Value)</TD><TD>g</TD></TR>
<TR>
<TD>Attribute(Prefix)</TD><TD>-</TD></TR>
<TR>
<TD>Attribute(Namespace)</TD><TD>-</TD></TR>
<TR>
<TD>Content</TD><TD>190</TD></TR>
</TBODY></TABLE><BR>
</TBODY></TABLE><BR>
<TABLE border=1>
<TBODY>
<TR>
<TD>Element(QName)</TD><TD>음료</TD></TR>
<TR>
<TD>Element(Local Name)</TD><TD>음료</TD></TR>
<TABLE border=1>
<TBODY>
<TR>
<TD>Element(QName)</TD><TD>이름</TD></TR>
<TR>
<TD>Element(Local Name)</TD><TD>이름</TD></TR>
<TR>
<TD>Content</TD><TD>독타펫파</TD></TR>
</TBODY></TABLE><BR>
<TABLE border=1>
<TBODY>
<TR>
<TD>Element(QName)</TD><TD>종류</TD></TR>
<TR>
<TD>Element(Local Name)</TD><TD>종류</TD></TR>
<TR>
<TD>Content</TD><TD>탄산음료</TD></TR>
</TBODY></TABLE><BR>
<TABLE border=1>
<TBODY>
<TR>
<TD>Element(QName)</TD><TD>메카이름</TD></TR>
<TR>
<TD>Element(Local Name)</TD><TD>메카이름</TD></TR>
<TR>
<TD>Content</TD><TD>시에푸시</TD></TR>
</TBODY></TABLE><BR>
<TABLE border=1>
<TBODY>
<TR>
<TD>Element(QName)</TD><TD>값</TD></TR>
<TR>
<TD>Element(Local Name)</TD><TD>값</TD></TR>
<TR>
<TD>Attribute(QName)</TD><TD>통화</TD></TR>
<TR>
<TD>Attribute(Local Name)</TD><TD>통화</TD></TR>
<TR>
<TD>Attribute(Type)</TD><TD>CDATA</TD></TR>
<TR>
<TD>Attribute(Value)</TD><TD>원</TD></TR>
<TR>
<TD>Attribute(Prefix)</TD><TD>-</TD></TR>
<TR>
<TD>Attribute(Namespace)</TD><TD>-</TD></TR>
<TR>
<TD>Content</TD><TD>120</TD></TR>
</TBODY></TABLE><BR>
<TABLE border=1>
<TBODY>
<TR>
<TD>Element(QName)</TD><TD>내용량</TD></TR>
<TR>
<TD>Element(Local Name)</TD><TD>내용량</TD></TR>
<TR>
<TD>Attribute(QName)</TD><TD>단위</TD></TR>
<TR>
<TD>Attribute(Local Name)</TD><TD>단위</TD></TR>
<TR>
<TD>Attribute(Type)</TD><TD>CDATA</TD></TR>
<TR>
<TD>Attribute(Value)</TD><TD>ml</TD></TR>
<TR>
<TD>Attribute(Prefix)</TD><TD>-</TD></TR>
<TR>
<TD>Attribute(Namespace)</TD><TD>-</TD></TR>
<TR>
<TD>Content</TD><TD>350</TD></TR>
</TBODY></TABLE><BR>
</TBODY></TABLE><BR>
<TABLE border=1>
<TBODY>
<TR>
<TD>Element(QName)</TD><TD>음료</TD></TR>
<TR>
<TD>Element(Local Name)</TD><TD>음료</TD></TR>
<TABLE border=1>
<TBODY>
<TR>
<TD>Element(QName)</TD><TD>이름</TD></TR>
<TR>
<TD>Element(Local Name)</TD><TD>이름</TD></TR>
<TR>
<TD>Content</TD><TD>르토피아</TD></TR>
</TBODY></TABLE><BR>
<TABLE border=1>
<TBODY>
<TR>
<TD>Element(QName)</TD><TD>종류</TD></TR>
<TR>
<TD>Element(Local Name)</TD><TD>종류</TD></TR>
<TR>
<TD>Content</TD><TD>탄산음료</TD></TR>
</TBODY></TABLE><BR>
<TABLE border=1>
<TBODY>
<TR>
<TD>Element(QName)</TD><TD>메카이름</TD></TR>
<TR>
<TD>Element(Local Name)</TD><TD>메카이름</TD></TR>
<TR>
<TD>Content</TD><TD>A</TD></TR>
<TR>
<TD>Content</TD><TD>&</TD></TR>
<TR>
<TD>Content</TD><TD>W</TD></TR>
</TBODY></TABLE><BR>
<TABLE border=1>
<TBODY>
<TR>
<TD>Element(QName)</TD><TD>값</TD></TR>
<TR>
<TD>Element(Local Name)</TD><TD>값</TD></TR>
<TR>
<TD>Attribute(QName)</TD><TD>통화</TD></TR>
<TR>
<TD>Attribute(Local Name)</TD><TD>통화</TD></TR>
<TR>
<TD>Attribute(Type)</TD><TD>CDATA</TD></TR>
<TR>
<TD>Attribute(Value)</TD><TD>미불</TD></TR>
<TR>
<TD>Attribute(Prefix)</TD><TD>-</TD></TR>
<TR>
<TD>Attribute(Namespace)</TD><TD>-</TD></TR>
<TR>
<TD>Content</TD><TD>1</TD></TR>
</TBODY></TABLE><BR>
<TABLE border=1>
<TBODY>
<TR>
<TD>Element(QName)</TD><TD>내용량</TD></TR>
<TR>
<TD>Element(Local Name)</TD><TD>내용량</TD></TR>
<TR>
<TD>Attribute(QName)</TD><TD>단위</TD></TR>
<TR>
<TD>Attribute(Local Name)</TD><TD>단위</TD></TR>
<TR>
<TD>Attribute(Type)</TD><TD>CDATA</TD></TR>
<TR>
<TD>Attribute(Value)</TD><TD>ml</TD></TR>
<TR>
<TD>Attribute(Prefix)</TD><TD>-</TD></TR>
<TR>
<TD>Attribute(Namespace)</TD><TD>-</TD></TR>
<TR>
<TD>Content</TD><TD>350</TD></TR>
</TBODY></TABLE><BR>
</TBODY></TABLE><BR>
<TABLE border=1>
<TBODY>
<TR>
<TD>Element(QName)</TD><TD>음료</TD></TR>
<TR>
<TD>Element(Local Name)</TD><TD>음료</TD></TR>
<TABLE border=1>
<TBODY>
<TR>
<TD>Element(QName)</TD><TD>이름</TD></TR>
<TR>
<TD>Element(Local Name)</TD><TD>이름</TD></TR>
<TR>
<TD>Content</TD><TD>세븐아푸</TD></TR>
</TBODY></TABLE><BR>
<TABLE border=1>
<TBODY>
<TR>
<TD>Element(QName)</TD><TD>종류</TD></TR>
<TR>
<TD>Element(Local Name)</TD><TD>종류</TD></TR>
<TR>
<TD>Content</TD><TD>탄산음료</TD></TR>
</TBODY></TABLE><BR>
<TABLE border=1>
<TBODY>
<TR>
<TD>Element(QName)</TD><TD>메카이름</TD></TR>
<TR>
<TD>Element(Local Name)</TD><TD>메카이름</TD></TR>
<TR>
<TD>Content</TD><TD>산토리</TD></TR>
</TBODY></TABLE><BR>
<TABLE border=1>
<TBODY>
<TR>
<TD>Element(QName)</TD><TD>값</TD></TR>
<TR>
<TD>Element(Local Name)</TD><TD>값</TD></TR>
<TR>
<TD>Attribute(QName)</TD><TD>통화</TD></TR>
<TR>
<TD>Attribute(Local Name)</TD><TD>통화</TD></TR>
<TR>
<TD>Attribute(Type)</TD><TD>CDATA</TD></TR>
<TR>
<TD>Attribute(Value)</TD><TD>원</TD></TR>
<TR>
<TD>Attribute(Prefix)</TD><TD>-</TD></TR>
<TR>
<TD>Attribute(Namespace)</TD><TD>-</TD></TR>
<TR>
<TD>Content</TD><TD>120</TD></TR>
</TBODY></TABLE><BR>
<TABLE border=1>
<TBODY>
<TR>
<TD>Element(QName)</TD><TD>내용량</TD></TR>
<TR>
<TD>Element(Local Name)</TD><TD>내용량</TD></TR>
<TR>
<TD>Attribute(QName)</TD><TD>단위</TD></TR>
<TR>
<TD>Attribute(Local Name)</TD><TD>단위</TD></TR>
<TR>
<TD>Attribute(Type)</TD><TD>CDATA</TD></TR>
<TR>
<TD>Attribute(Value)</TD><TD>ml</TD></TR>
<TR>
<TD>Attribute(Prefix)</TD><TD>-</TD></TR>
<TR>
<TD>Attribute(Namespace)</TD><TD>-</TD></TR>
<TR>
<TD>Content</TD><TD>350</TD></TR>
</TBODY></TABLE><BR>
</TBODY></TABLE><BR>
<TABLE border=1>
<TBODY>
<TR>
<TD>Element(QName)</TD><TD>음료</TD></TR>
<TR>
<TD>Element(Local Name)</TD><TD>음료</TD></TR>
<TABLE border=1>
<TBODY>
<TR>
<TD>Element(QName)</TD><TD>이름</TD></TR>
<TR>
<TD>Element(Local Name)</TD><TD>이름</TD></TR>
<TR>
<TD>Content</TD><TD>조종콩우유</TD></TR>
</TBODY></TABLE><BR>
<TABLE border=1>
<TBODY>
<TR>
<TD>Element(QName)</TD><TD>종류</TD></TR>
<TR>
<TD>Element(Local Name)</TD><TD>종류</TD></TR>
<TR>
<TD>Content</TD><TD>콩우유음료</TD></TR>
</TBODY></TABLE><BR>
<TABLE border=1>
<TBODY>
<TR>
<TD>Element(QName)</TD><TD>메카이름</TD></TR>
<TR>
<TD>Element(Local Name)</TD><TD>메카이름</TD></TR>
<TR>
<TD>Content</TD><TD>마르산에이</TD></TR>
</TBODY></TABLE><BR>
<TABLE border=1>
<TBODY>
<TR>
<TD>Element(QName)</TD><TD>값</TD></TR>
<TR>
<TD>Element(Local Name)</TD><TD>값</TD></TR>
<TR>
<TD>Attribute(QName)</TD><TD>통화</TD></TR>
<TR>
<TD>Attribute(Local Name)</TD><TD>통화</TD></TR>
<TR>
<TD>Attribute(Type)</TD><TD>CDATA</TD></TR>
<TR>
<TD>Attribute(Value)</TD><TD>원</TD></TR>
<TR>
<TD>Attribute(Prefix)</TD><TD>-</TD></TR>
<TR>
<TD>Attribute(Namespace)</TD><TD>-</TD></TR>
<TR>
<TD>Content</TD><TD>88</TD></TR>
</TBODY></TABLE><BR>
<TABLE border=1>
<TBODY>
<TR>
<TD>Element(QName)</TD><TD>내용량</TD></TR>
<TR>
<TD>Element(Local Name)</TD><TD>내용량</TD></TR>
<TR>
<TD>Attribute(QName)</TD><TD>단위</TD></TR>
<TR>
<TD>Attribute(Local Name)</TD><TD>단위</TD></TR>
<TR>
<TD>Attribute(Type)</TD><TD>CDATA</TD></TR>
<TR>
<TD>Attribute(Value)</TD><TD>ml</TD></TR>
<TR>
<TD>Attribute(Prefix)</TD><TD>-</TD></TR>
<TR>
<TD>Attribute(Namespace)</TD><TD>-</TD></TR>
<TR>
<TD>Content</TD><TD>200</TD></TR>
</TBODY></TABLE><BR>
</TBODY></TABLE><BR>
<TABLE border=1>
<TBODY>
<TR>
<TD>Element(QName)</TD><TD>음료</TD></TR>
<TR>
<TD>Element(Local Name)</TD><TD>음료</TD></TR>
<TABLE border=1>
<TBODY>
<TR>
<TD>Element(QName)</TD><TD>이름</TD></TR>
<TR>
<TD>Element(Local Name)</TD><TD>이름</TD></TR>
<TR>
<TD>Content</TD><TD>다이도브렌도코피</TD></TR>
</TBODY></TABLE><BR>
<TABLE border=1>
<TBODY>
<TR>
<TD>Element(QName)</TD><TD>종류</TD></TR>
<TR>
<TD>Element(Local Name)</TD><TD>종류</TD></TR>
<TR>
<TD>Content</TD><TD>코피음료</TD></TR>
</TBODY></TABLE><BR>
<TABLE border=1>
<TBODY>
<TR>
<TD>Element(QName)</TD><TD>메카이름</TD></TR>
<TR>
<TD>Element(Local Name)</TD><TD>메카이름</TD></TR>
<TR>
<TD>Content</TD><TD>다이도</TD></TR>
</TBODY></TABLE><BR>
<TABLE border=1>
<TBODY>
<TR>
<TD>Element(QName)</TD><TD>값</TD></TR>
<TR>
<TD>Element(Local Name)</TD><TD>값</TD></TR>
<TR>
<TD>Attribute(QName)</TD><TD>통화</TD></TR>
<TR>
<TD>Attribute(Local Name)</TD><TD>통화</TD></TR>
<TR>
<TD>Attribute(Type)</TD><TD>CDATA</TD></TR>
<TR>
<TD>Attribute(Value)</TD><TD>원</TD></TR>
<TR>
<TD>Attribute(Prefix)</TD><TD>-</TD></TR>
<TR>
<TD>Attribute(Namespace)</TD><TD>-</TD></TR>
<TR>
<TD>Content</TD><TD>120</TD></TR>
</TBODY></TABLE><BR>
<TABLE border=1>
<TBODY>
<TR>
<TD>Element(QName)</TD><TD>내용량</TD></TR>
<TR>
<TD>Element(Local Name)</TD><TD>내용량</TD></TR>
<TR>
<TD>Attribute(QName)</TD><TD>단위</TD></TR>
<TR>
<TD>Attribute(Local Name)</TD><TD>단위</TD></TR>
<TR>
<TD>Attribute(Type)</TD><TD>CDATA</TD></TR>
<TR>
<TD>Attribute(Value)</TD><TD>g</TD></TR>
<TR>
<TD>Attribute(Prefix)</TD><TD>-</TD></TR>
<TR>
<TD>Attribute(Namespace)</TD><TD>-</TD></TR>
<TR>
<TD>Content</TD><TD>190</TD></TR>
</TBODY></TABLE><BR>
</TBODY></TABLE><BR>
<TABLE border=1>
<TBODY>
<TR>
<TD>Element(QName)</TD><TD>음료</TD></TR>
<TR>
<TD>Element(Local Name)</TD><TD>음료</TD></TR>
<TABLE border=1>
<TBODY>
<TR>
<TD>Element(QName)</TD><TD>이름</TD></TR>
<TR>
<TD>Element(Local Name)</TD><TD>이름</TD></TR>
<TR>
<TD>Content</TD><TD>맛있는청즙</TD></TR>
</TBODY></TABLE><BR>
<TABLE border=1>
<TBODY>
<TR>
<TD>Element(QName)</TD><TD>종류</TD></TR>
<TR>
<TD>Element(Local Name)</TD><TD>종류</TD></TR>
<TR>
<TD>Content</TD><TD>야채쥬스</TD></TR>
</TBODY></TABLE><BR>
<TABLE border=1>
<TBODY>
<TR>
<TD>Element(QName)</TD><TD>메카이름</TD></TR>
<TR>
<TD>Element(Local Name)</TD><TD>메카이름</TD></TR>
<TR>
<TD>Content</TD><TD>산스타</TD></TR>
</TBODY></TABLE><BR>
<TABLE border=1>
<TBODY>
<TR>
<TD>Element(QName)</TD><TD>값</TD></TR>
<TR>
<TD>Element(Local Name)</TD><TD>값</TD></TR>
<TR>
<TD>Attribute(QName)</TD><TD>통화</TD></TR>
<TR>
<TD>Attribute(Local Name)</TD><TD>통화</TD></TR>
<TR>
<TD>Attribute(Type)</TD><TD>CDATA</TD></TR>
<TR>
<TD>Attribute(Value)</TD><TD>원</TD></TR>
<TR>
<TD>Attribute(Prefix)</TD><TD>-</TD></TR>
<TR>
<TD>Attribute(Namespace)</TD><TD>-</TD></TR>
<TR>
<TD>Content</TD><TD>198</TD></TR>
</TBODY></TABLE><BR>
<TABLE border=1>
<TBODY>
<TR>
<TD>Element(QName)</TD><TD>내용량</TD></TR>
<TR>
<TD>Element(Local Name)</TD><TD>내용량</TD></TR>
<TR>
<TD>Attribute(QName)</TD><TD>단위</TD></TR>
<TR>
<TD>Attribute(Local Name)</TD><TD>단위</TD></TR>
<TR>
<TD>Attribute(Type)</TD><TD>CDATA</TD></TR>
<TR>
<TD>Attribute(Value)</TD><TD>g</TD></TR>
<TR>
<TD>Attribute(Prefix)</TD><TD>-</TD></TR>
<TR>
<TD>Attribute(Namespace)</TD><TD>-</TD></TR>
<TR>
<TD>Content</TD><TD>160</TD></TR>
</TBODY></TABLE><BR>
</TBODY></TABLE><BR>
<TABLE border=1>
<TBODY>
<TR>
<TD>Element(QName)</TD><TD>음료</TD></TR>
<TR>
<TD>Element(Local Name)</TD><TD>음료</TD></TR>
<TABLE border=1>
<TBODY>
<TR>
<TD>Element(QName)</TD><TD>이름</TD></TR>
<TR>
<TD>Element(Local Name)</TD><TD>이름</TD></TR>
<TR>
<TD>Content</TD><TD>ＭＩＵ</TD></TR>
</TBODY></TABLE><BR>
<TABLE border=1>
<TBODY>
<TR>
<TD>Element(QName)</TD><TD>종류</TD></TR>
<TR>
<TD>Element(Local Name)</TD><TD>종류</TD></TR>
<TR>
<TD>Content</TD><TD>스포츠음료</TD></TR>
</TBODY></TABLE><BR>
<TABLE border=1>
<TBODY>
<TR>
<TD>Element(QName)</TD><TD>메카이름</TD></TR>
<TR>
<TD>Element(Local Name)</TD><TD>메카이름</TD></TR>
<TR>
<TD>Content</TD><TD>다이도도린코</TD></TR>
</TBODY></TABLE><BR>
<TABLE border=1>
<TBODY>
<TR>
<TD>Element(QName)</TD><TD>값</TD></TR>
<TR>
<TD>Element(Local Name)</TD><TD>값</TD></TR>
<TR>
<TD>Attribute(QName)</TD><TD>통화</TD></TR>
<TR>
<TD>Attribute(Local Name)</TD><TD>통화</TD></TR>
<TR>
<TD>Attribute(Type)</TD><TD>CDATA</TD></TR>
<TR>
<TD>Attribute(Value)</TD><TD>원</TD></TR>
<TR>
<TD>Attribute(Prefix)</TD><TD>-</TD></TR>
<TR>
<TD>Attribute(Namespace)</TD><TD>-</TD></TR>
<TR>
<TD>Content</TD><TD>120</TD></TR>
</TBODY></TABLE><BR>
<TABLE border=1>
<TBODY>
<TR>
<TD>Element(QName)</TD><TD>내용량</TD></TR>
<TR>
<TD>Element(Local Name)</TD><TD>내용량</TD></TR>
<TR>
<TD>Attribute(QName)</TD><TD>단위</TD></TR>
<TR>
<TD>Attribute(Local Name)</TD><TD>단위</TD></TR>
<TR>
<TD>Attribute(Type)</TD><TD>CDATA</TD></TR>
<TR>
<TD>Attribute(Value)</TD><TD>ml</TD></TR>
<TR>
<TD>Attribute(Prefix)</TD><TD>-</TD></TR>
<TR>
<TD>Attribute(Namespace)</TD><TD>-</TD></TR>
<TR>
<TD>Content</TD><TD>490</TD></TR>
</TBODY></TABLE><BR>
</TBODY></TABLE><BR>
<TABLE border=1>
<TBODY>
<TR>
<TD>Element(QName)</TD><TD>음료</TD></TR>
<TR>
<TD>Element(Local Name)</TD><TD>음료</TD></TR>
<TABLE border=1>
<TBODY>
<TR>
<TD>Element(QName)</TD><TD>이름</TD></TR>
<TR>
<TD>Element(Local Name)</TD><TD>이름</TD></TR>
<TR>
<TD>Content</TD><TD>레몬꿀</TD></TR>
</TBODY></TABLE><BR>
<TABLE border=1>
<TBODY>
<TR>
<TD>Element(QName)</TD><TD>종류</TD></TR>
<TR>
<TD>Element(Local Name)</TD><TD>종류</TD></TR>
<TR>
<TD>Content</TD><TD>쥬스</TD></TR>
</TBODY></TABLE><BR>
<TABLE border=1>
<TBODY>
<TR>
<TD>Element(QName)</TD><TD>메카이름</TD></TR>
<TR>
<TD>Element(Local Name)</TD><TD>메카이름</TD></TR>
<TR>
<TD>Content</TD><TD>산토리</TD></TR>
</TBODY></TABLE><BR>
<TABLE border=1>
<TBODY>
<TR>
<TD>Element(QName)</TD><TD>값</TD></TR>
<TR>
<TD>Element(Local Name)</TD><TD>값</TD></TR>
<TR>
<TD>Attribute(QName)</TD><TD>통화</TD></TR>
<TR>
<TD>Attribute(Local Name)</TD><TD>통화</TD></TR>
<TR>
<TD>Attribute(Type)</TD><TD>CDATA</TD></TR>
<TR>
<TD>Attribute(Value)</TD><TD>원</TD></TR>
<TR>
<TD>Attribute(Prefix)</TD><TD>-</TD></TR>
<TR>
<TD>Attribute(Namespace)</TD><TD>-</TD></TR>
<TR>
<TD>Content</TD><TD>120</TD></TR>
</TBODY></TABLE><BR>
<TABLE border=1>
<TBODY>
<TR>
<TD>Element(QName)</TD><TD>내용량</TD></TR>
<TR>
<TD>Element(Local Name)</TD><TD>내용량</TD></TR>
<TR>
<TD>Attribute(QName)</TD><TD>단위</TD></TR>
<TR>
<TD>Attribute(Local Name)</TD><TD>단위</TD></TR>
<TR>
<TD>Attribute(Type)</TD><TD>CDATA</TD></TR>
<TR>
<TD>Attribute(Value)</TD><TD>ml</TD></TR>
<TR>
<TD>Attribute(Prefix)</TD><TD>-</TD></TR>
<TR>
<TD>Attribute(Namespace)</TD><TD>-</TD></TR>
<TR>
<TD>Content</TD><TD>350</TD></TR>
</TBODY></TABLE><BR>
</TBODY></TABLE><BR>
<TABLE border=1>
<TBODY>
<TR>
<TD>Element(QName)</TD><TD>음료</TD></TR>
<TR>
<TD>Element(Local Name)</TD><TD>음료</TD></TR>
<TABLE border=1>
<TBODY>
<TR>
<TD>Element(QName)</TD><TD>이름</TD></TR>
<TR>
<TD>Element(Local Name)</TD><TD>이름</TD></TR>
<TR>
<TD>Content</TD><TD>바야리스오렌지</TD></TR>
</TBODY></TABLE><BR>
<TABLE border=1>
<TBODY>
<TR>
<TD>Element(QName)</TD><TD>종류</TD></TR>
<TR>
<TD>Element(Local Name)</TD><TD>종류</TD></TR>
<TR>
<TD>Content</TD><TD>쥬스</TD></TR>
</TBODY></TABLE><BR>
<TABLE border=1>
<TBODY>
<TR>
<TD>Element(QName)</TD><TD>메카이름</TD></TR>
<TR>
<TD>Element(Local Name)</TD><TD>메카이름</TD></TR>
<TR>
<TD>Content</TD><TD>아사히음료</TD></TR>
</TBODY></TABLE><BR>
<TABLE border=1>
<TBODY>
<TR>
<TD>Element(QName)</TD><TD>값</TD></TR>
<TR>
<TD>Element(Local Name)</TD><TD>값</TD></TR>
<TR>
<TD>Attribute(QName)</TD><TD>통화</TD></TR>
<TR>
<TD>Attribute(Local Name)</TD><TD>통화</TD></TR>
<TR>
<TD>Attribute(Type)</TD><TD>CDATA</TD></TR>
<TR>
<TD>Attribute(Value)</TD><TD>원</TD></TR>
<TR>
<TD>Attribute(Prefix)</TD><TD>-</TD></TR>
<TR>
<TD>Attribute(Namespace)</TD><TD>-</TD></TR>
<TR>
<TD>Content</TD><TD>100</TD></TR>
</TBODY></TABLE><BR>
<TABLE border=1>
<TBODY>
<TR>
<TD>Element(QName)</TD><TD>내용량</TD></TR>
<TR>
<TD>Element(Local Name)</TD><TD>내용량</TD></TR>
<TR>
<TD>Attribute(QName)</TD><TD>단위</TD></TR>
<TR>
<TD>Attribute(Local Name)</TD><TD>단위</TD></TR>
<TR>
<TD>Attribute(Type)</TD><TD>CDATA</TD></TR>
<TR>
<TD>Attribute(Value)</TD><TD>ml</TD></TR>
<TR>
<TD>Attribute(Prefix)</TD><TD>-</TD></TR>
<TR>
<TD>Attribute(Namespace)</TD><TD>-</TD></TR>
<TR>
<TD>Content</TD><TD>250</TD></TR>
</TBODY></TABLE><BR>
</TBODY></TABLE><BR>
<TABLE border=1>
<TBODY>
<TR>
<TD>Element(QName)</TD><TD>음료</TD></TR>
<TR>
<TD>Element(Local Name)</TD><TD>음료</TD></TR>
<TABLE border=1>
<TBODY>
<TR>
<TD>Element(QName)</TD><TD>이름</TD></TR>
<TR>
<TD>Element(Local Name)</TD><TD>이름</TD></TR>
<TR>
<TD>Content</TD><TD>시르코</TD></TR>
</TBODY></TABLE><BR>
<TABLE border=1>
<TBODY>
<TR>
<TD>Element(QName)</TD><TD>종류</TD></TR>
<TR>
<TD>Element(Local Name)</TD><TD>종류</TD></TR>
<TR>
<TD>Content</TD><TD>그외</TD></TR>
</TBODY></TABLE><BR>
<TABLE border=1>
<TBODY>
<TR>
<TD>Element(QName)</TD><TD>메카이름</TD></TR>
<TR>
<TD>Element(Local Name)</TD><TD>메카이름</TD></TR>
<TR>
<TD>Content</TD><TD>森永製菓</TD></TR>
</TBODY></TABLE><BR>
<TABLE border=1>
<TBODY>
<TR>
<TD>Element(QName)</TD><TD>값</TD></TR>
<TR>
<TD>Element(Local Name)</TD><TD>값</TD></TR>
<TR>
<TD>Attribute(QName)</TD><TD>통화</TD></TR>
<TR>
<TD>Attribute(Local Name)</TD><TD>통화</TD></TR>
<TR>
<TD>Attribute(Type)</TD><TD>CDATA</TD></TR>
<TR>
<TD>Attribute(Value)</TD><TD>원</TD></TR>
<TR>
<TD>Attribute(Prefix)</TD><TD>-</TD></TR>
<TR>
<TD>Attribute(Namespace)</TD><TD>-</TD></TR>
<TR>
<TD>Content</TD><TD>120</TD></TR>
</TBODY></TABLE><BR>
<TABLE border=1>
<TBODY>
<TR>
<TD>Element(QName)</TD><TD>내용량</TD></TR>
<TR>
<TD>Element(Local Name)</TD><TD>내용량</TD></TR>
<TR>
<TD>Attribute(QName)</TD><TD>단위</TD></TR>
<TR>
<TD>Attribute(Local Name)</TD><TD>단위</TD></TR>
<TR>
<TD>Attribute(Type)</TD><TD>CDATA</TD></TR>
<TR>
<TD>Attribute(Value)</TD><TD>g</TD></TR>
<TR>
<TD>Attribute(Prefix)</TD><TD>-</TD></TR>
<TR>
<TD>Attribute(Namespace)</TD><TD>-</TD></TR>
<TR>
<TD>Content</TD><TD>190</TD></TR>
</TBODY></TABLE><BR>
</TBODY></TABLE><BR>
<TABLE border=1>
<TBODY>
<TR>
<TD>Element(QName)</TD><TD>음료</TD></TR>
<TR>
<TD>Element(Local Name)</TD><TD>음료</TD></TR>
<TABLE border=1>
<TBODY>
<TR>
<TD>Element(QName)</TD><TD>이름</TD></TR>
<TR>
<TD>Element(Local Name)</TD><TD>이름</TD></TR>
<TR>
<TD>Content</TD><TD>죠지아에라멜도마운텐브렌도</TD></TR>
</TBODY></TABLE><BR>
<TABLE border=1>
<TBODY>
<TR>
<TD>Element(QName)</TD><TD>종류</TD></TR>
<TR>
<TD>Element(Local Name)</TD><TD>종류</TD></TR>
<TR>
<TD>Content</TD><TD>코피음료</TD></TR>
</TBODY></TABLE><BR>
<TABLE border=1>
<TBODY>
<TR>
<TD>Element(QName)</TD><TD>메카이름</TD></TR>
<TR>
<TD>Element(Local Name)</TD><TD>메카이름</TD></TR>
<TR>
<TD>Content</TD><TD>일본코카콜라</TD></TR>
</TBODY></TABLE><BR>
<TABLE border=1>
<TBODY>
<TR>
<TD>Element(QName)</TD><TD>값</TD></TR>
<TR>
<TD>Element(Local Name)</TD><TD>값</TD></TR>
<TR>
<TD>Attribute(QName)</TD><TD>통화</TD></TR>
<TR>
<TD>Attribute(Local Name)</TD><TD>통화</TD></TR>
<TR>
<TD>Attribute(Type)</TD><TD>CDATA</TD></TR>
<TR>
<TD>Attribute(Value)</TD><TD>원</TD></TR>
<TR>
<TD>Attribute(Prefix)</TD><TD>-</TD></TR>
<TR>
<TD>Attribute(Namespace)</TD><TD>-</TD></TR>
<TR>
<TD>Content</TD><TD>120</TD></TR>
</TBODY></TABLE><BR>
<TABLE border=1>
<TBODY>
<TR>
<TD>Element(QName)</TD><TD>내용량</TD></TR>
<TR>
<TD>Element(Local Name)</TD><TD>내용량</TD></TR>
<TR>
<TD>Attribute(QName)</TD><TD>단위</TD></TR>
<TR>
<TD>Attribute(Local Name)</TD><TD>단위</TD></TR>
<TR>
<TD>Attribute(Type)</TD><TD>CDATA</TD></TR>
<TR>
<TD>Attribute(Value)</TD><TD>ml</TD></TR>
<TR>
<TD>Attribute(Prefix)</TD><TD>-</TD></TR>
<TR>
<TD>Attribute(Namespace)</TD><TD>-</TD></TR>
<TR>
<TD>Content</TD><TD>190</TD></TR>
</TBODY></TABLE><BR>
</TBODY></TABLE><BR>
<TABLE border=1>
<TBODY>
<TR>
<TD>Element(QName)</TD><TD>음료</TD></TR>
<TR>
<TD>Element(Local Name)</TD><TD>음료</TD></TR>
<TABLE border=1>
<TBODY>
<TR>
<TD>Element(QName)</TD><TD>이름</TD></TR>
<TR>
<TD>Element(Local Name)</TD><TD>이름</TD></TR>
<TR>
<TD>Content</TD><TD>라무네</TD></TR>
</TBODY></TABLE><BR>
<TABLE border=1>
<TBODY>
<TR>
<TD>Element(QName)</TD><TD>종류</TD></TR>
<TR>
<TD>Element(Local Name)</TD><TD>종류</TD></TR>
<TR>
<TD>Content</TD><TD>탄산음료</TD></TR>
</TBODY></TABLE><BR>
<TABLE border=1>
<TBODY>
<TR>
<TD>Element(QName)</TD><TD>메카이름</TD></TR>
<TR>
<TD>Element(Local Name)</TD><TD>메카이름</TD></TR>
<TR>
<TD>Content</TD><TD>키무라음료</TD></TR>
</TBODY></TABLE><BR>
<TABLE border=1>
<TBODY>
<TR>
<TD>Element(QName)</TD><TD>값</TD></TR>
<TR>
<TD>Element(Local Name)</TD><TD>값</TD></TR>
<TR>
<TD>Attribute(QName)</TD><TD>통화</TD></TR>
<TR>
<TD>Attribute(Local Name)</TD><TD>통화</TD></TR>
<TR>
<TD>Attribute(Type)</TD><TD>CDATA</TD></TR>
<TR>
<TD>Attribute(Value)</TD><TD>원</TD></TR>
<TR>
<TD>Attribute(Prefix)</TD><TD>-</TD></TR>
<TR>
<TD>Attribute(Namespace)</TD><TD>-</TD></TR>
<TR>
<TD>Content</TD><TD>120</TD></TR>
</TBODY></TABLE><BR>
<TABLE border=1>
<TBODY>
<TR>
<TD>Element(QName)</TD><TD>내용량</TD></TR>
<TR>
<TD>Element(Local Name)</TD><TD>내용량</TD></TR>
<TR>
<TD>Attribute(QName)</TD><TD>단위</TD></TR>
<TR>
<TD>Attribute(Local Name)</TD><TD>단위</TD></TR>
<TR>
<TD>Attribute(Type)</TD><TD>CDATA</TD></TR>
<TR>
<TD>Attribute(Value)</TD><TD>ml</TD></TR>
<TR>
<TD>Attribute(Prefix)</TD><TD>-</TD></TR>
<TR>
<TD>Attribute(Namespace)</TD><TD>-</TD></TR>
<TR>
<TD>Content</TD><TD>200</TD></TR>
</TBODY></TABLE><BR>
</TBODY></TABLE><BR>
<TABLE border=1>
<TBODY>
<TR>
<TD>Element(QName)</TD><TD>음료</TD></TR>
<TR>
<TD>Element(Local Name)</TD><TD>음료</TD></TR>
<TABLE border=1>
<TBODY>
<TR>
<TD>Element(QName)</TD><TD>이름</TD></TR>
<TR>
<TD>Element(Local Name)</TD><TD>이름</TD></TR>
<TR>
<TD>Content</TD><TD>리알골드</TD></TR>
</TBODY></TABLE><BR>
<TABLE border=1>
<TBODY>
<TR>
<TD>Element(QName)</TD><TD>종류</TD></TR>
<TR>
<TD>Element(Local Name)</TD><TD>종류</TD></TR>
<TR>
<TD>Content</TD><TD>비타민음료</TD></TR>
</TBODY></TABLE><BR>
<TABLE border=1>
<TBODY>
<TR>
<TD>Element(QName)</TD><TD>메카이름</TD></TR>
<TR>
<TD>Element(Local Name)</TD><TD>메카이름</TD></TR>
<TR>
<TD>Content</TD><TD>코카콜라나쇼날세르스</TD></TR>
</TBODY></TABLE><BR>
<TABLE border=1>
<TBODY>
<TR>
<TD>Element(QName)</TD><TD>값</TD></TR>
<TR>
<TD>Element(Local Name)</TD><TD>값</TD></TR>
<TR>
<TD>Attribute(QName)</TD><TD>통화</TD></TR>
<TR>
<TD>Attribute(Local Name)</TD><TD>통화</TD></TR>
<TR>
<TD>Attribute(Type)</TD><TD>CDATA</TD></TR>
<TR>
<TD>Attribute(Value)</TD><TD>원</TD></TR>
<TR>
<TD>Attribute(Prefix)</TD><TD>-</TD></TR>
<TR>
<TD>Attribute(Namespace)</TD><TD>-</TD></TR>
<TR>
<TD>Content</TD><TD>120</TD></TR>
</TBODY></TABLE><BR>
<TABLE border=1>
<TBODY>
<TR>
<TD>Element(QName)</TD><TD>내용량</TD></TR>
<TR>
<TD>Element(Local Name)</TD><TD>내용량</TD></TR>
<TR>
<TD>Attribute(QName)</TD><TD>단위</TD></TR>
<TR>
<TD>Attribute(Local Name)</TD><TD>단위</TD></TR>
<TR>
<TD>Attribute(Type)</TD><TD>CDATA</TD></TR>
<TR>
<TD>Attribute(Value)</TD><TD>ml</TD></TR>
<TR>
<TD>Attribute(Prefix)</TD><TD>-</TD></TR>
<TR>
<TD>Attribute(Namespace)</TD><TD>-</TD></TR>
<TR>
<TD>Content</TD><TD>190</TD></TR>
</TBODY></TABLE><BR>
</TBODY></TABLE><BR>
<TABLE border=1>
<TBODY>
<TR>
<TD>Element(QName)</TD><TD>음료</TD></TR>
<TR>
<TD>Element(Local Name)</TD><TD>음료</TD></TR>
<TABLE border=1>
<TBODY>
<TR>
<TD>Element(QName)</TD><TD>이름</TD></TR>
<TR>
<TD>Element(Local Name)</TD><TD>이름</TD></TR>
<TR>
<TD>Content</TD><TD>레몬스캇슈</TD></TR>
</TBODY></TABLE><BR>
<TABLE border=1>
<TBODY>
<TR>
<TD>Element(QName)</TD><TD>종류</TD></TR>
<TR>
<TD>Element(Local Name)</TD><TD>종류</TD></TR>
<TR>
<TD>Content</TD><TD>탄산음료</TD></TR>
</TBODY></TABLE><BR>
<TABLE border=1>
<TBODY>
<TR>
<TD>Element(QName)</TD><TD>메카이름</TD></TR>
<TR>
<TD>Element(Local Name)</TD><TD>메카이름</TD></TR>
<TR>
<TD>Content</TD><TD>不二家</TD></TR>
</TBODY></TABLE><BR>
<TABLE border=1>
<TBODY>
<TR>
<TD>Element(QName)</TD><TD>값</TD></TR>
<TR>
<TD>Element(Local Name)</TD><TD>값</TD></TR>
<TR>
<TD>Attribute(QName)</TD><TD>통화</TD></TR>
<TR>
<TD>Attribute(Local Name)</TD><TD>통화</TD></TR>
<TR>
<TD>Attribute(Type)</TD><TD>CDATA</TD></TR>
<TR>
<TD>Attribute(Value)</TD><TD>원</TD></TR>
<TR>
<TD>Attribute(Prefix)</TD><TD>-</TD></TR>
<TR>
<TD>Attribute(Namespace)</TD><TD>-</TD></TR>
<TR>
<TD>Content</TD><TD>120</TD></TR>
</TBODY></TABLE><BR>
<TABLE border=1>
<TBODY>
<TR>
<TD>Element(QName)</TD><TD>내용량</TD></TR>
<TR>
<TD>Element(Local Name)</TD><TD>내용량</TD></TR>
<TR>
<TD>Attribute(QName)</TD><TD>단위</TD></TR>
<TR>
<TD>Attribute(Local Name)</TD><TD>단위</TD></TR>
<TR>
<TD>Attribute(Type)</TD><TD>CDATA</TD></TR>
<TR>
<TD>Attribute(Value)</TD><TD>ml</TD></TR>
<TR>
<TD>Attribute(Prefix)</TD><TD>-</TD></TR>
<TR>
<TD>Attribute(Namespace)</TD><TD>-</TD></TR>
<TR>
<TD>Content</TD><TD>350</TD></TR>
</TBODY></TABLE><BR>
</TBODY></TABLE><BR>
<TABLE border=1>
<TBODY>
<TR>
<TD>Element(QName)</TD><TD>음료</TD></TR>
<TR>
<TD>Element(Local Name)</TD><TD>음료</TD></TR>
<TABLE border=1>
<TBODY>
<TR>
<TD>Element(QName)</TD><TD>이름</TD></TR>
<TR>
<TD>Element(Local Name)</TD><TD>이름</TD></TR>
<TR>
<TD>Content</TD><TD>프린쉐이크</TD></TR>
</TBODY></TABLE><BR>
<TABLE border=1>
<TBODY>
<TR>
<TD>Element(QName)</TD><TD>종류</TD></TR>
<TR>
<TD>Element(Local Name)</TD><TD>종류</TD></TR>
<TR>
<TD>Content</TD><TD>그외</TD></TR>
</TBODY></TABLE><BR>
<TABLE border=1>
<TBODY>
<TR>
<TD>Element(QName)</TD><TD>메카이름</TD></TR>
<TR>
<TD>Element(Local Name)</TD><TD>메카이름</TD></TR>
<TR>
<TD>Content</TD><TD>폿카코포레숀</TD></TR>
</TBODY></TABLE><BR>
<TABLE border=1>
<TBODY>
<TR>
<TD>Element(QName)</TD><TD>값</TD></TR>
<TR>
<TD>Element(Local Name)</TD><TD>값</TD></TR>
<TR>
<TD>Attribute(QName)</TD><TD>통화</TD></TR>
<TR>
<TD>Attribute(Local Name)</TD><TD>통화</TD></TR>
<TR>
<TD>Attribute(Type)</TD><TD>CDATA</TD></TR>
<TR>
<TD>Attribute(Value)</TD><TD>원</TD></TR>
<TR>
<TD>Attribute(Prefix)</TD><TD>-</TD></TR>
<TR>
<TD>Attribute(Namespace)</TD><TD>-</TD></TR>
<TR>
<TD>Content</TD><TD>120</TD></TR>
</TBODY></TABLE><BR>
<TABLE border=1>
<TBODY>
<TR>
<TD>Element(QName)</TD><TD>내용량</TD></TR>
<TR>
<TD>Element(Local Name)</TD><TD>내용량</TD></TR>
<TR>
<TD>Attribute(QName)</TD><TD>단위</TD></TR>
<TR>
<TD>Attribute(Local Name)</TD><TD>단위</TD></TR>
<TR>
<TD>Attribute(Type)</TD><TD>CDATA</TD></TR>
<TR>
<TD>Attribute(Value)</TD><TD>g</TD></TR>
<TR>
<TD>Attribute(Prefix)</TD><TD>-</TD></TR>
<TR>
<TD>Attribute(Namespace)</TD><TD>-</TD></TR>
<TR>
<TD>Content</TD><TD>190</TD></TR>
</TBODY></TABLE><BR>
</TBODY></TABLE><BR>
</TBODY></TABLE><BR>
