<?xml version="1.0" encoding="UTF-8"?><한국일본가대베애케훠root><韓國日本伽佳假價禧稀羲詰elm 한국일본가대베애케훠_2attr="한국일본가대베애케훠_2val0"><한국일본가대베애케훠_3elm>한국일본가대베애케훠_3val</한국일본가대베애케훠_3elm></韓國日本伽佳假價禧稀羲詰elm><韓國日本伽佳假價禧稀羲詰elm 한국일본가대베애케훠_2attr="한국일본가대베애케훠_2val1"><한국일본가대베애케훠_3elm>한국일본가대베애케훠_3val</한국일본가대베애케훠_3elm></韓國日本伽佳假價禧稀羲詰elm><韓國日本伽佳假價禧稀羲詰elm 한국일본가대베애케훠_2attr="한국일본가대베애케훠_2val2"><한국일본가대베애케훠_3elm>한국일본가대베애케훠_3val</한국일본가대베애케훠_3elm></韓國日本伽佳假價禧稀羲詰elm><韓國日本伽佳假價禧稀羲詰elm 한국일본가대베애케훠_2attr="한국일본가대베애케훠_2val3"><한국일본가대베애케훠_3elm>한국일본가대베애케훠_3val</한국일본가대베애케훠_3elm></韓國日本伽佳假價禧稀羲詰elm><韓國日本伽佳假價禧稀羲詰elm 한국일본가대베애케훠_2attr="한국일본가대베애케훠_2val4"><한국일본가대베애케훠_3elm>한국일본가대베애케훠_3val</한국일본가대베애케훠_3elm></韓國日本伽佳假價禧稀羲詰elm><!--ㄱㄴㄷㄹㅁㅂㅅㅇㅈㅊㅋㅌㅍㅎㅏㅑㅓㅕㅗㅛㅜㅠㅡㅣㆎ comment--></한국일본가대베애케훠root>