Character Boundary Test :
こ
れ
は
B
r
e
a
k
I
t
e
r
a
t
o
r
の
テ
ス
ト
で
す
。
「
漢
字
表
示
能
力
試
験
文
字
列
」
の
よ
う
な
漢
字
の
文
字
列
や
、
「
か
な
カ
ナ
ｶ
ﾅ
K
a
n
a
Ｋ
ａ
ｎ
ａ
」
の
よ
う
な
全
角
／
半
角
混
じ
り
の
文
字
列
の
境
界
を
判
別
で
き
る
か
ど
う
か
テ
ス
ト
し
ま
す
。
ま
た
ワ
ー
ド
ラ
ッ
プ
の
場
合
に
文
を
切
っ
て
も
良
い
境
界
を
禁
則
処
理
に
注
意
し
な
が
ら
判
別
で
き
る
か
ど
う
か
も
テ
ス
ト
し
ま
す
。
ど
う
で
し
ょ
う
、
ち
ゃ
ん
と
境
界
が
認
識
さ
れ
て
い
ま
す
か
？
全
角
の
記
号
を
試
し
て
み
ま
し
ょ
う
（
［
｛
＂
＇
＜
：
；
＠
￥
＾
－
＃
＄
％
＆
￣
＝
＋
｜
＞
＇
＂
｝
］
）
！

End of this test.
Word Boundary Test :
これは
BreakIterator
の
テスト
です
。
「
漢字表示能力試験文字列
」
のような
漢字
の
文字列
や
、
「
かな
カナ
ｶﾅKanaＫａｎａ
」
のような
全角
／
半角混
じりの
文字列
の
境界
を
判別
できるかどうか
テスト
します
。
また
ワードラップ
の
場合
に
文
を
切
っても
良
い
境界
を
禁則処理
に
注意
しながら
判別
できるかどうかも
テスト
します
。
どうでしょう
、
ちゃんと
境界
が
認識
されていますか
？
全角
の
記号
を
試
してみましょう
（
［
｛
＂
＇
＜
：
；
＠
￥
＾
－
＃
＄
％
＆
￣
＝
＋
｜
＞
＇
＂
｝
］
）
！

End of this test.
Sentence Boundary Test :
これはBreakIteratorのテストです。
「漢字表示能力試験文字列」のような漢字の文字列や、「かなカナｶﾅKanaＫａｎａ」のような全角／半角混じりの文字列の境界を判別できるかどうかテストします。
またワードラップの場合に文を切っても良い境界を禁則処理に注意しながら判別できるかどうかもテストします。
どうでしょう、ちゃんと境界が認識されていますか？
全角の記号を試してみましょう（［｛＂＇＜：；＠￥＾－＃＄％＆￣＝＋｜＞＇＂｝］）！

End of this test.
Line Boundary Test :
こ
れ
は
BreakIterator
の
テ
ス
ト
で
す。
「漢
字
表
示
能
力
試
験
文
字
列」
の
よ
う
な
漢
字
の
文
字
列
や、
「か
な
カ
ナ
ｶﾅKanaＫａｎａ」
の
よ
う
な
全
角
／
半
角
混
じ
り
の
文
字
列
の
境
界
を
判
別
で
き
る
か
ど
う
か
テ
ス
ト
し
ま
す。
ま
た
ワー
ド
ラッ
プ
の
場
合
に
文
を
切っ
て
も
良
い
境
界
を
禁
則
処
理
に
注
意
し
な
が
ら
判
別
で
き
る
か
ど
う
か
も
テ
ス
ト
し
ま
す。
ど
う
で
しょ
う、
ちゃ
ん
と
境
界
が
認
識
さ
れ
て
い
ま
す
か？
全
角
の
記
号
を
試
し
て
み
ま
しょ
う
（［｛＂＇＜：；
＠
￥＾－
＃
＄％
＆￣＝＋｜＞＇＂｝］）！

End of this test.
