Name : ja_JP
Country : JP
Language : ja
Variant : 
DisplayName : 日本語 (日本)
DisplayCountry : 日本
DisplayLanguage : 日本語
DisplayVariant : 
ISO3Country : JPN
ISO3Language : jpn
Encoding : UTF8
